01-02 20:16:33.969   605   605 I perfmonitord:SystemMemMonitor: mem_swap_free = 267688 Kb
01-02 20:16:33.969   605   605 I perfmonitord:SystemMemMonitor: mem_swap_uncompressed = 450128 Kb
01-02 20:16:33.969   605   605 I perfmonitord:SystemMemMonitor: zram_mem_used_kb = 132908 Kb
01-02 20:16:33.969   605   605 I perfmonitord:SystemMemMonitor: mem_shmem = 13220 Kb
01-02 20:16:33.969   605   605 I perfmonitord:SystemMemMonitor: mem_s_unreclaim = 151440 Kb
01-02 20:16:33.969   605   605 I perfmonitord:SystemMemMonitor: mem_kernel_stack = 38496 Kb
01-02 20:16:33.969   605   605 I perfmonitord:SystemMemMonitor: mem_page_tables = 52512 Kb
01-02 20:16:33.969   605   605 I perfmonitord:SystemMemMonitor: mem_ksm_pages_sharing = 0 Kb
01-02 20:16:33.969   605   605 I perfmonitord:SystemMemMonitor: mem_ksm_overhead = 0 Kb
01-02 20:16:33.969   605   605 I perfmonitord:SystemMemMonitor: mem_ksm_saving = 0 Kb
01-02 20:16:33.969   605   605 I perfmonitord:SystemMemMonitor: lmk_kills_backup = 0
01-02 20:16:33.969   605   605 I perfmonitord:SystemMemMonitor: lmk_kills_fg = 0
01-02 20:16:33.969   605   605 I perfmonitord:SystemMemMonitor: lmk_kills_other = 0
01-02 20:16:33.969   605   605 I perfmonitord:SystemMemMonitor: lmk_kills_perceptible = 0
01-02 20:16:33.969   605   605 I perfmonitord:SystemMemMonitor: lmk_kills_persistent = 0
01-02 20:16:33.969   605   605 I perfmonitord:SystemMemMonitor: lmk_kills_visible = 0
01-02 20:16:33.983  1807  2001 I ...atformDependencyImpl: isAmazonDevice() in ClientSideAmazonPlatformDependencyImpl is called
01-02 20:16:33.994  1807  2001 E PredefinedKeyUtil: Primary account or CustomerAttributeStore is null.
01-02 20:16:33.994  1807  2001 I ...atformDependencyImpl: isAmazonDevice() in ClientSideAmazonPlatformDependencyImpl is called
01-02 20:16:34.006  1807  2001 E PredefinedKeyUtil: Primary account or CustomerAttributeStore is null.
01-02 20:16:34.009   962  1452 W ActivityManager: Unable to start service Intent { act=com.amazon.dcp.ota.action.CONTROLLER cmp=com.amazon.device.software.ota/.OtaService } U=0: not found
01-02 20:16:34.010  1807  2001 I ...atformDependencyImpl: isAmazonDevice() in ClientSideAmazonPlatformDependencyImpl is called
01-02 20:16:34.010  1807  4139 E com.amazon.dcp.ota.ServiceBinder: Failed to bind service: Intent { act=com.amazon.dcp.ota.action.CONTROLLER cmp=com.amazon.device.software.ota/.OtaService }
01-02 20:16:34.010  1807  4139 E com.amazon.dcp.ota.ServiceBinder: com.amazon.dcp.ota.ServiceBinder$BindFailedException
01-02 20:16:34.010  1807  4139 E com.amazon.dcp.ota.ServiceBinder: 	at com.amazon.dcp.ota.ServiceBinder.startBind(ServiceBinder.java:178)
01-02 20:16:34.010  1807  4139 E com.amazon.dcp.ota.ServiceBinder: 	at com.amazon.dcp.ota.ServiceBinder.unsafeBind(ServiceBinder.java:83)
01-02 20:16:34.010  1807  4139 E com.amazon.dcp.ota.ServiceBinder: 	at com.amazon.dcp.ota.ServiceBinder.bind(ServiceBinder.java:68)
01-02 20:16:34.010  1807  4139 E com.amazon.dcp.ota.ServiceBinder: 	at com.amazon.dcp.ota.OtaServiceConnectionManager.getServiceBinder(OtaServiceConnectionManager.java:87)
01-02 20:16:34.010  1807  4139 E com.amazon.dcp.ota.ServiceBinder: 	at com.amazon.dcp.ota.OtaServiceConnectionManager.access$000(OtaServiceConnectionManager.java:22)
01-02 20:16:34.010  1807  4139 E com.amazon.dcp.ota.ServiceBinder: 	at com.amazon.dcp.ota.OtaServiceConnectionManager$OtaServiceWrapper.getLastCheckGroup(OtaServiceConnectionManager.java:196)
01-02 20:16:34.010  1807  4139 E com.amazon.dcp.ota.ServiceBinder: 	at com.amazon.dcp.ota.OTAController.getLastCheckGroup(OTAController.java:279)
01-02 20:16:34.010  1807  4139 E com.amazon.dcp.ota.ServiceBinder: 	at com.amazon.client.metrics.minerva.OTAEnabledPredefinedKeyUtil.refreshCache(OTAEnabledPredefinedKeyUtil.java:126)
01-02 20:16:34.010  1807  4139 E com.amazon.dcp.ota.ServiceBinder: 	at com.amazon.client.metrics.minerva.OTAEnabledPredefinedKeyUtil.access$000(OTAEnabledPredefinedKeyUtil.java:26)
01-02 20:16:34.010  1807  4139 E com.amazon.dcp.ota.ServiceBinder: 	at com.amazon.client.metrics.minerva.OTAEnabledPredefinedKeyUtil$1.run(OTAEnabledPredefinedKeyUtil.java:103)
01-02 20:16:34.010  1807  4139 E com.amazon.dcp.ota.ServiceBinder: 	at java.util.concurrent.Executors$RunnableAdapter.call(Executors.java:462)
01-02 20:16:34.010  1807  4139 E com.amazon.dcp.ota.ServiceBinder: 	at java.util.concurrent.FutureTask.run(FutureTask.java:266)
01-02 20:16:34.010  1807  4139 E com.amazon.dcp.ota.ServiceBinder: 	at java.util.concurrent.ThreadPoolExecutor.runWorker(ThreadPoolExecutor.java:1167)
01-02 20:16:34.010  1807  4139 E com.amazon.dcp.ota.ServiceBinder: 	at java.util.concurrent.ThreadPoolExecutor$Worker.run(ThreadPoolExecutor.java:641)
01-02 20:16:34.010  1807  4139 E com.amazon.dcp.ota.ServiceBinder: 	at java.lang.Thread.run(Thread.java:923)
01-02 20:16:34.011   962  1452 W ActivityManager: Unbind failed: could not find connection for android.os.BinderProxy@1589aca
01-02 20:16:34.011  1807  4139 W OTAEnabledPredefinedKey: refreshCache - Failed to get OTA group name;
01-02 20:16:34.011  1807  4139 W OTAEnabledPredefinedKey: com.amazon.dcp.ota.OTAUnavailableException: Failed to bind to the OTA service
01-02 20:16:34.011  1807  4139 W OTAEnabledPredefinedKey: 	at java.lang.reflect.Constructor.newInstance0(Native Method)
01-02 20:16:34.011  1807  4139 W OTAEnabledPredefinedKey: 	at java.lang.reflect.Constructor.newInstance(Constructor.java:343)
01-02 20:16:34.011  1807  4139 W OTAEnabledPredefinedKey: 	at com.amazon.dcp.ota.Checks.throwException(Checks.java:125)
01-02 20:16:34.011  1807  4139 W OTAEnabledPredefinedKey: 	at com.amazon.dcp.ota.Checks.checkNotNull(Checks.java:76)
01-02 20:16:34.011  1807  4139 W OTAEnabledPredefinedKey: 	at com.amazon.dcp.ota.OtaServiceConnectionManager.getServiceBinder(OtaServiceConnectionManager.java:89)
01-02 20:16:34.011  1807  4139 W OTAEnabledPredefinedKey: 	at com.amazon.dcp.ota.OtaServiceConnectionManager.access$000(OtaServiceConnectionManager.java:22)
01-02 20:16:34.011  1807  4139 W OTAEnabledPredefinedKey: 	at com.amazon.dcp.ota.OtaServiceConnectionManager$OtaServiceWrapper.getLastCheckGroup(OtaServiceConnectionManager.java:196)
01-02 20:16:34.011  1807  4139 W OTAEnabledPredefinedKey: 	at com.amazon.dcp.ota.OTAController.getLastCheckGroup(OTAController.java:279)
01-02 20:16:34.011  1807  4139 W OTAEnabledPredefinedKey: 	at com.amazon.client.metrics.minerva.OTAEnabledPredefinedKeyUtil.refreshCache(OTAEnabledPredefinedKeyUtil.java:126)
01-02 20:16:34.011  1807  4139 W OTAEnabledPredefinedKey: 	at com.amazon.client.metrics.minerva.OTAEnabledPredefinedKeyUtil.access$000(OTAEnabledPredefinedKeyUtil.java:26)
01-02 20:16:34.011  1807  4139 W OTAEnabledPredefinedKey: 	at com.amazon.client.metrics.minerva.OTAEnabledPredefinedKeyUtil$1.run(OTAEnabledPredefinedKeyUtil.java:103)
01-02 20:16:34.011  1807  4139 W OTAEnabledPredefinedKey: 	at java.util.concurrent.Executors$RunnableAdapter.call(Executors.java:462)
01-02 20:16:34.011  1807  4139 W OTAEnabledPredefinedKey: 	at java.util.concurrent.FutureTask.run(FutureTask.java:266)
01-02 20:16:34.011  1807  4139 W OTAEnabledPredefinedKey: 	at java.util.concurrent.ThreadPoolExecutor.runWorker(ThreadPoolExecutor.java:1167)
01-02 20:16:34.011  1807  4139 W OTAEnabledPredefinedKey: 	at java.util.concurrent.ThreadPoolExecutor$Worker.run(ThreadPoolExecutor.java:641)
01-02 20:16:34.011  1807  4139 W OTAEnabledPredefinedKey: 	at java.lang.Thread.run(Thread.java:923)
01-02 20:16:34.022  1807  2001 E PredefinedKeyUtil: Primary account or CustomerAttributeStore is null.
01-02 20:16:34.022  1807  2001 I ...atformDependencyImpl: isAmazonDevice() in ClientSideAmazonPlatformDependencyImpl is called
01-02 20:16:34.033  1807  2001 E PredefinedKeyUtil: Primary account or CustomerAttributeStore is null.
01-02 20:16:34.037   962  1406 W ActivityManager: Unable to start service Intent { act=com.amazon.dcp.ota.action.CONTROLLER cmp=com.amazon.device.software.ota/.OtaService } U=0: not found
01-02 20:16:34.038  1807  4139 E com.amazon.dcp.ota.ServiceBinder: Failed to bind service: Intent { act=com.amazon.dcp.ota.action.CONTROLLER cmp=com.amazon.device.software.ota/.OtaService }
01-02 20:16:34.038  1807  4139 E com.amazon.dcp.ota.ServiceBinder: com.amazon.dcp.ota.ServiceBinder$BindFailedException
01-02 20:16:34.038  1807  4139 E com.amazon.dcp.ota.ServiceBinder: 	at com.amazon.dcp.ota.ServiceBinder.startBind(ServiceBinder.java:178)
01-02 20:16:34.038  1807  4139 E com.amazon.dcp.ota.ServiceBinder: 	at com.amazon.dcp.ota.ServiceBinder.unsafeBind(ServiceBinder.java:83)
01-02 20:16:34.038  1807  4139 E com.amazon.dcp.ota.ServiceBinder: 	at com.amazon.dcp.ota.ServiceBinder.bind(ServiceBinder.java:68)
01-02 20:16:34.038  1807  4139 E com.amazon.dcp.ota.ServiceBinder: 	at com.amazon.dcp.ota.OtaServiceConnectionManager.getServiceBinder(OtaServiceConnectionManager.java:87)
01-02 20:16:34.038  1807  4139 E com.amazon.dcp.ota.ServiceBinder: 	at com.amazon.dcp.ota.OtaServiceConnectionManager.access$000(OtaServiceConnectionManager.java:22)
01-02 20:16:34.038  1807  4139 E com.amazon.dcp.ota.ServiceBinder: 	at com.amazon.dcp.ota.OtaServiceConnectionManager$OtaServiceWrapper.getLastCheckGroup(OtaServiceConnectionManager.java:196)
01-02 20:16:34.038  1807  4139 E com.amazon.dcp.ota.ServiceBinder: 	at com.amazon.dcp.ota.OTAController.getLastCheckGroup(OTAController.java:279)
01-02 20:16:34.038  1807  4139 E com.amazon.dcp.ota.ServiceBinder: 	at com.amazon.client.metrics.minerva.OTAEnabledPredefinedKeyUtil.refreshCache(OTAEnabledPredefinedKeyUtil.java:126)
01-02 20:16:34.038  1807  4139 E com.amazon.dcp.ota.ServiceBinder: 	at com.amazon.client.metrics.minerva.OTAEnabledPredefinedKeyUtil.access$000(OTAEnabledPredefinedKeyUtil.java:26)
01-02 20:16:34.038  1807  4139 E com.amazon.dcp.ota.ServiceBinder: 	at com.amazon.client.metrics.minerva.OTAEnabledPredefinedKeyUtil$1.run(OTAEnabledPredefinedKeyUtil.java:103)
01-02 20:16:34.038  1807  4139 E com.amazon.dcp.ota.ServiceBinder: 	at java.util.concurrent.Executors$RunnableAdapter.call(Executors.java:462)
01-02 20:16:34.038  1807  4139 E com.amazon.dcp.ota.ServiceBinder: 	at java.util.concurrent.FutureTask.run(FutureTask.java:266)
01-02 20:16:34.038  1807  4139 E com.amazon.dcp.ota.ServiceBinder: 	at java.util.concurrent.ThreadPoolExecutor.runWorker(ThreadPoolExecutor.java:1167)
01-02 20:16:34.038  1807  4139 E com.amazon.dcp.ota.ServiceBinder: 	at java.util.concurrent.ThreadPoolExecutor$Worker.run(ThreadPoolExecutor.java:641)
01-02 20:16:34.038  1807  4139 E com.amazon.dcp.ota.ServiceBinder: 	at java.lang.Thread.run(Thread.java:923)
01-02 20:16:34.038   962  1406 W ActivityManager: Unbind failed: could not find connection for android.os.BinderProxy@41fa43b
01-02 20:16:34.038  1807  2001 I ...atformDependencyImpl: isAmazonDevice() in ClientSideAmazonPlatformDependencyImpl is called
01-02 20:16:34.038  1807  4139 W OTAEnabledPredefinedKey: refreshCache - Failed to get OTA group name;
01-02 20:16:34.038  1807  4139 W OTAEnabledPredefinedKey: com.amazon.dcp.ota.OTAUnavailableException: Failed to bind to the OTA service
01-02 20:16:34.038  1807  4139 W OTAEnabledPredefinedKey: 	at java.lang.reflect.Constructor.newInstance0(Native Method)
01-02 20:16:34.038  1807  4139 W OTAEnabledPredefinedKey: 	at java.lang.reflect.Constructor.newInstance(Constructor.java:343)
01-02 20:16:34.038  1807  4139 W OTAEnabledPredefinedKey: 	at com.amazon.dcp.ota.Checks.throwException(Checks.java:125)
01-02 20:16:34.038  1807  4139 W OTAEnabledPredefinedKey: 	at com.amazon.dcp.ota.Checks.checkNotNull(Checks.java:76)
01-02 20:16:34.038  1807  4139 W OTAEnabledPredefinedKey: 	at com.amazon.dcp.ota.OtaServiceConnectionManager.getServiceBinder(OtaServiceConnectionManager.java:89)
01-02 20:16:34.038  1807  4139 W OTAEnabledPredefinedKey: 	at com.amazon.dcp.ota.OtaServiceConnectionManager.access$000(OtaServiceConnectionManager.java:22)
01-02 20:16:34.038  1807  4139 W OTAEnabledPredefinedKey: 	at com.amazon.dcp.ota.OtaServiceConnectionManager$OtaServiceWrapper.getLastCheckGroup(OtaServiceConnectionManager.java:196)
01-02 20:16:34.038  1807  4139 W OTAEnabledPredefinedKey: 	at com.amazon.dcp.ota.OTAController.getLastCheckGroup(OTAController.java:279)
01-02 20:16:34.038  1807  4139 W OTAEnabledPredefinedKey: 	at com.amazon.client.metrics.minerva.OTAEnabledPredefinedKeyUtil.refreshCache(OTAEnabledPredefinedKeyUtil.java:126)
01-02 20:16:34.038  1807  4139 W OTAEnabledPredefinedKey: 	at com.amazon.client.metrics.minerva.OTAEnabledPredefinedKeyUtil.access$000(OTAEnabledPredefinedKeyUtil.java:26)
01-02 20:16:34.038  1807  4139 W OTAEnabledPredefinedKey: 	at com.amazon.client.metrics.minerva.OTAEnabledPredefinedKeyUtil$1.run(OTAEnabledPredefinedKeyUtil.java:103)
01-02 20:16:34.038  1807  4139 W OTAEnabledPredefinedKey: 	at java.util.concurrent.Executors$RunnableAdapter.call(Executors.java:462)
01-02 20:16:34.038  1807  4139 W OTAEnabledPredefinedKey: 	at java.util.concurrent.FutureTask.run(FutureTask.java:266)
01-02 20:16:34.038  1807  4139 W OTAEnabledPredefinedKey: 	at java.util.concurrent.ThreadPoolExecutor.runWorker(ThreadPoolExecutor.java:1167)
01-02 20:16:34.038  1807  4139 W OTAEnabledPredefinedKey: 	at java.util.concurrent.ThreadPoolExecutor$Worker.run(ThreadPoolExecutor.java:641)
01-02 20:16:34.038  1807  4139 W OTAEnabledPredefinedKey: 	at java.lang.Thread.run(Thread.java:923)
01-02 20:16:34.046  1807  2001 E PredefinedKeyUtil: Primary account or CustomerAttributeStore is null.
01-02 20:16:34.047  1807  2001 I ...atformDependencyImpl: isAmazonDevice() in ClientSideAmazonPlatformDependencyImpl is called
01-02 20:16:34.054  1807  2001 E PredefinedKeyUtil: Primary account or CustomerAttributeStore is null.
01-02 20:16:34.058   962  1406 W ActivityManager: Unable to start service Intent { act=com.amazon.dcp.ota.action.CONTROLLER cmp=com.amazon.device.software.ota/.OtaService } U=0: not found
01-02 20:16:34.059  1807  2001 I ...atformDependencyImpl: isAmazonDevice() in ClientSideAmazonPlatformDependencyImpl is called
01-02 20:16:34.059  1807  4139 E com.amazon.dcp.ota.ServiceBinder: Failed to bind service: Intent { act=com.amazon.dcp.ota.action.CONTROLLER cmp=com.amazon.device.software.ota/.OtaService }
01-02 20:16:34.059  1807  4139 E com.amazon.dcp.ota.ServiceBinder: com.amazon.dcp.ota.ServiceBinder$BindFailedException
01-02 20:16:34.059  1807  4139 E com.amazon.dcp.ota.ServiceBinder: 	at com.amazon.dcp.ota.ServiceBinder.startBind(ServiceBinder.java:178)
01-02 20:16:34.059  1807  4139 E com.amazon.dcp.ota.ServiceBinder: 	at com.amazon.dcp.ota.ServiceBinder.unsafeBind(ServiceBinder.java:83)
01-02 20:16:34.059  1807  4139 E com.amazon.dcp.ota.ServiceBinder: 	at com.amazon.dcp.ota.ServiceBinder.bind(ServiceBinder.java:68)
01-02 20:16:34.059  1807  4139 E com.amazon.dcp.ota.ServiceBinder: 	at com.amazon.dcp.ota.OtaServiceConnectionManager.getServiceBinder(OtaServiceConnectionManager.java:87)
01-02 20:16:34.059  1807  4139 E com.amazon.dcp.ota.ServiceBinder: 	at com.amazon.dcp.ota.OtaServiceConnectionManager.access$000(OtaServiceConnectionManager.java:22)
01-02 20:16:34.059  1807  4139 E com.amazon.dcp.ota.ServiceBinder: 	at com.amazon.dcp.ota.OtaServiceConnectionManager$OtaServiceWrapper.getLastCheckGroup(OtaServiceConnectionManager.java:196)
01-02 20:16:34.059  1807  4139 E com.amazon.dcp.ota.ServiceBinder: 	at com.amazon.dcp.ota.OTAController.getLastCheckGroup(OTAController.java:279)
01-02 20:16:34.059  1807  4139 E com.amazon.dcp.ota.ServiceBinder: 	at com.amazon.client.metrics.minerva.OTAEnabledPredefinedKeyUtil.refreshCache(OTAEnabledPredefinedKeyUtil.java:126)
01-02 20:16:34.059  1807  4139 E com.amazon.dcp.ota.ServiceBinder: 	at com.amazon.client.metrics.minerva.OTAEnabledPredefinedKeyUtil.access$000(OTAEnabledPredefinedKeyUtil.java:26)
01-02 20:16:34.059  1807  4139 E com.amazon.dcp.ota.ServiceBinder: 	at com.amazon.client.metrics.minerva.OTAEnabledPredefinedKeyUtil$1.run(OTAEnabledPredefinedKeyUtil.java:103)
01-02 20:16:34.059  1807  4139 E com.amazon.dcp.ota.ServiceBinder: 	at java.util.concurrent.Executors$RunnableAdapter.call(Executors.java:462)
01-02 20:16:34.059  1807  4139 E com.amazon.dcp.ota.ServiceBinder: 	at java.util.concurrent.FutureTask.run(FutureTask.java:266)
01-02 20:16:34.059  1807  4139 E com.amazon.dcp.ota.ServiceBinder: 	at java.util.concurrent.ThreadPoolExecutor.runWorker(ThreadPoolExecutor.java:1167)
01-02 20:16:34.059  1807  4139 E com.amazon.dcp.ota.ServiceBinder: 	at java.util.concurrent.ThreadPoolExecutor$Worker.run(ThreadPoolExecutor.java:641)
01-02 20:16:34.059  1807  4139 E com.amazon.dcp.ota.ServiceBinder: 	at java.lang.Thread.run(Thread.java:923)
01-02 20:16:34.060   962  1452 W ActivityManager: Unbind failed: could not find connection for android.os.BinderProxy@6251758
01-02 20:16:34.061  1807  4139 W OTAEnabledPredefinedKey: refreshCache - Failed to get OTA group name;
01-02 20:16:34.061  1807  4139 W OTAEnabledPredefinedKey: com.amazon.dcp.ota.OTAUnavailableException: Failed to bind to the OTA service
01-02 20:16:34.061  1807  4139 W OTAEnabledPredefinedKey: 	at java.lang.reflect.Constructor.newInstance0(Native Method)
01-02 20:16:34.061  1807  4139 W OTAEnabledPredefinedKey: 	at java.lang.reflect.Constructor.newInstance(Constructor.java:343)
01-02 20:16:34.061  1807  4139 W OTAEnabledPredefinedKey: 	at com.amazon.dcp.ota.Checks.throwException(Checks.java:125)
01-02 20:16:34.061  1807  4139 W OTAEnabledPredefinedKey: 	at com.amazon.dcp.ota.Checks.checkNotNull(Checks.java:76)
01-02 20:16:34.061  1807  4139 W OTAEnabledPredefinedKey: 	at com.amazon.dcp.ota.OtaServiceConnectionManager.getServiceBinder(OtaServiceConnectionManager.java:89)
01-02 20:16:34.061  1807  4139 W OTAEnabledPredefinedKey: 	at com.amazon.dcp.ota.OtaServiceConnectionManager.access$000(OtaServiceConnectionManager.java:22)
01-02 20:16:34.061  1807  4139 W OTAEnabledPredefinedKey: 	at com.amazon.dcp.ota.OtaServiceConnectionManager$OtaServiceWrapper.getLastCheckGroup(OtaServiceConnectionManager.java:196)
01-02 20:16:34.061  1807  4139 W OTAEnabledPredefinedKey: 	at com.amazon.dcp.ota.OTAController.getLastCheckGroup(OTAController.java:279)
01-02 20:16:34.061  1807  4139 W OTAEnabledPredefinedKey: 	at com.amazon.client.metrics.minerva.OTAEnabledPredefinedKeyUtil.refreshCache(OTAEnabledPredefinedKeyUtil.java:126)
01-02 20:16:34.061  1807  4139 W OTAEnabledPredefinedKey: 	at com.amazon.client.metrics.minerva.OTAEnabledPredefinedKeyUtil.access$000(OTAEnabledPredefinedKeyUtil.java:26)
01-02 20:16:34.061  1807  4139 W OTAEnabledPredefinedKey: 	at com.amazon.client.metrics.minerva.OTAEnabledPredefinedKeyUtil$1.run(OTAEnabledPredefinedKeyUtil.java:103)
01-02 20:16:34.061  1807  4139 W OTAEnabledPredefinedKey: 	at java.util.concurrent.Executors$RunnableAdapter.call(Executors.java:462)
01-02 20:16:34.061  1807  4139 W OTAEnabledPredefinedKey: 	at java.util.concurrent.FutureTask.run(FutureTask.java:266)
01-02 20:16:34.061  1807  4139 W OTAEnabledPredefinedKey: 	at java.util.concurrent.ThreadPoolExecutor.runWorker(ThreadPoolExecutor.java:1167)
01-02 20:16:34.061  1807  4139 W OTAEnabledPredefinedKey: 	at java.util.concurrent.ThreadPoolExecutor$Worker.run(ThreadPoolExecutor.java:641)
01-02 20:16:34.061  1807  4139 W OTAEnabledPredefinedKey: 	at java.lang.Thread.run(Thread.java:923)
01-02 20:16:34.067  1807  2001 E PredefinedKeyUtil: Primary account or CustomerAttributeStore is null.
01-02 20:16:34.068  1807  2001 I ...atformDependencyImpl: isAmazonDevice() in ClientSideAmazonPlatformDependencyImpl is called
01-02 20:16:34.075  1807  2001 E PredefinedKeyUtil: Primary account or CustomerAttributeStore is null.
01-02 20:16:34.078   962  1406 W ActivityManager: Unable to start service Intent { act=com.amazon.dcp.ota.action.CONTROLLER cmp=com.amazon.device.software.ota/.OtaService } U=0: not found
01-02 20:16:34.079  1807  4139 E com.amazon.dcp.ota.ServiceBinder: Failed to bind service: Intent { act=com.amazon.dcp.ota.action.CONTROLLER cmp=com.amazon.device.software.ota/.OtaService }
01-02 20:16:34.079  1807  4139 E com.amazon.dcp.ota.ServiceBinder: com.amazon.dcp.ota.ServiceBinder$BindFailedException
01-02 20:16:34.079  1807  4139 E com.amazon.dcp.ota.ServiceBinder: 	at com.amazon.dcp.ota.ServiceBinder.startBind(ServiceBinder.java:178)
01-02 20:16:34.079  1807  4139 E com.amazon.dcp.ota.ServiceBinder: 	at com.amazon.dcp.ota.ServiceBinder.unsafeBind(ServiceBinder.java:83)
01-02 20:16:34.079  1807  4139 E com.amazon.dcp.ota.ServiceBinder: 	at com.amazon.dcp.ota.ServiceBinder.bind(ServiceBinder.java:68)
01-02 20:16:34.079  1807  4139 E com.amazon.dcp.ota.ServiceBinder: 	at com.amazon.dcp.ota.OtaServiceConnectionManager.getServiceBinder(OtaServiceConnectionManager.java:87)
01-02 20:16:34.079  1807  4139 E com.amazon.dcp.ota.ServiceBinder: 	at com.amazon.dcp.ota.OtaServiceConnectionManager.access$000(OtaServiceConnectionManager.java:22)
01-02 20:16:34.079  1807  4139 E com.amazon.dcp.ota.ServiceBinder: 	at com.amazon.dcp.ota.OtaServiceConnectionManager$OtaServiceWrapper.getLastCheckGroup(OtaServiceConnectionManager.java:196)
01-02 20:16:34.079  1807  4139 E com.amazon.dcp.ota.ServiceBinder: 	at com.amazon.dcp.ota.OTAController.getLastCheckGroup(OTAController.java:279)
01-02 20:16:34.079  1807  4139 E com.amazon.dcp.ota.ServiceBinder: 	at com.amazon.client.metrics.minerva.OTAEnabledPredefinedKeyUtil.refreshCache(OTAEnabledPredefinedKeyUtil.java:126)
01-02 20:16:34.079  1807  4139 E com.amazon.dcp.ota.ServiceBinder: 	at com.amazon.client.metrics.minerva.OTAEnabledPredefinedKeyUtil.access$000(OTAEnabledPredefinedKeyUtil.java:26)
01-02 20:16:34.079  1807  4139 E com.amazon.dcp.ota.ServiceBinder: 	at com.amazon.client.metrics.minerva.OTAEnabledPredefinedKeyUtil$1.run(OTAEnabledPredefinedKeyUtil.java:103)
01-02 20:16:34.079  1807  4139 E com.amazon.dcp.ota.ServiceBinder: 	at java.util.concurrent.Executors$RunnableAdapter.call(Executors.java:462)
01-02 20:16:34.079  1807  4139 E com.amazon.dcp.ota.ServiceBinder: 	at java.util.concurrent.FutureTask.run(FutureTask.java:266)
01-02 20:16:34.079  1807  4139 E com.amazon.dcp.ota.ServiceBinder: 	at java.util.concurrent.ThreadPoolExecutor.runWorker(ThreadPoolExecutor.java:1167)
01-02 20:16:34.079  1807  4139 E com.amazon.dcp.ota.ServiceBinder: 	at java.util.concurrent.ThreadPoolExecutor$Worker.run(ThreadPoolExecutor.java:641)
01-02 20:16:34.079  1807  4139 E com.amazon.dcp.ota.ServiceBinder: 	at java.lang.Thread.run(Thread.java:923)
01-02 20:16:34.079   962  1406 W ActivityManager: Unbind failed: could not find connection for android.os.BinderProxy@f7f0b1
01-02 20:16:34.079  1807  2001 I ...atformDependencyImpl: isAmazonDevice() in ClientSideAmazonPlatformDependencyImpl is called
01-02 20:16:34.080  1807  4139 W OTAEnabledPredefinedKey: refreshCache - Failed to get OTA group name;
01-02 20:16:34.080  1807  4139 W OTAEnabledPredefinedKey: com.amazon.dcp.ota.OTAUnavailableException: Failed to bind to the OTA service
01-02 20:16:34.080  1807  4139 W OTAEnabledPredefinedKey: 	at java.lang.reflect.Constructor.newInstance0(Native Method)
01-02 20:16:34.080  1807  4139 W OTAEnabledPredefinedKey: 	at java.lang.reflect.Constructor.newInstance(Constructor.java:343)
01-02 20:16:34.080  1807  4139 W OTAEnabledPredefinedKey: 	at com.amazon.dcp.ota.Checks.throwException(Checks.java:125)
01-02 20:16:34.080  1807  4139 W OTAEnabledPredefinedKey: 	at com.amazon.dcp.ota.Checks.checkNotNull(Checks.java:76)
01-02 20:16:34.080  1807  4139 W OTAEnabledPredefinedKey: 	at com.amazon.dcp.ota.OtaServiceConnectionManager.getServiceBinder(OtaServiceConnectionManager.java:89)
01-02 20:16:34.080  1807  4139 W OTAEnabledPredefinedKey: 	at com.amazon.dcp.ota.OtaServiceConnectionManager.access$000(OtaServiceConnectionManager.java:22)
01-02 20:16:34.080  1807  4139 W OTAEnabledPredefinedKey: 	at com.amazon.dcp.ota.OtaServiceConnectionManager$OtaServiceWrapper.getLastCheckGroup(OtaServiceConnectionManager.java:196)
01-02 20:16:34.080  1807  4139 W OTAEnabledPredefinedKey: 	at com.amazon.dcp.ota.OTAController.getLastCheckGroup(OTAController.java:279)
01-02 20:16:34.080  1807  4139 W OTAEnabledPredefinedKey: 	at com.amazon.client.metrics.minerva.OTAEnabledPredefinedKeyUtil.refreshCache(OTAEnabledPredefinedKeyUtil.java:126)
01-02 20:16:34.080  1807  4139 W OTAEnabledPredefinedKey: 	at com.amazon.client.metrics.minerva.OTAEnabledPredefinedKeyUtil.access$000(OTAEnabledPredefinedKeyUtil.java:26)
01-02 20:16:34.080  1807  4139 W OTAEnabledPredefinedKey: 	at com.amazon.client.metrics.minerva.OTAEnabledPredefinedKeyUtil$1.run(OTAEnabledPredefinedKeyUtil.java:103)
01-02 20:16:34.080  1807  4139 W OTAEnabledPredefinedKey: 	at java.util.concurrent.Executors$RunnableAdapter.call(Executors.java:462)
01-02 20:16:34.080  1807  4139 W OTAEnabledPredefinedKey: 	at java.util.concurrent.FutureTask.run(FutureTask.java:266)
01-02 20:16:34.080  1807  4139 W OTAEnabledPredefinedKey: 	at java.util.concurrent.ThreadPoolExecutor.runWorker(ThreadPoolExecutor.java:1167)
01-02 20:16:34.080  1807  4139 W OTAEnabledPredefinedKey: 	at java.util.concurrent.ThreadPoolExecutor$Worker.run(ThreadPoolExecutor.java:641)
01-02 20:16:34.080  1807  4139 W OTAEnabledPredefinedKey: 	at java.lang.Thread.run(Thread.java:923)
01-02 20:16:34.089  1807  2001 E PredefinedKeyUtil: Primary account or CustomerAttributeStore is null.
01-02 20:16:34.090  1807  2001 I ...atformDependencyImpl: isAmazonDevice() in ClientSideAmazonPlatformDependencyImpl is called
01-02 20:16:34.096  1807  2001 E PredefinedKeyUtil: Primary account or CustomerAttributeStore is null.
01-02 20:16:34.099   962  1406 W ActivityManager: Unable to start service Intent { act=com.amazon.dcp.ota.action.CONTROLLER cmp=com.amazon.device.software.ota/.OtaService } U=0: not found
01-02 20:16:34.099  1807  2001 I ...atformDependencyImpl: isAmazonDevice() in ClientSideAmazonPlatformDependencyImpl is called
01-02 20:16:34.101  1807  4139 E com.amazon.dcp.ota.ServiceBinder: Failed to bind service: Intent { act=com.amazon.dcp.ota.action.CONTROLLER cmp=com.amazon.device.software.ota/.OtaService }
01-02 20:16:34.101  1807  4139 E com.amazon.dcp.ota.ServiceBinder: com.amazon.dcp.ota.ServiceBinder$BindFailedException
01-02 20:16:34.101  1807  4139 E com.amazon.dcp.ota.ServiceBinder: 	at com.amazon.dcp.ota.ServiceBinder.startBind(ServiceBinder.java:178)
01-02 20:16:34.101  1807  4139 E com.amazon.dcp.ota.ServiceBinder: 	at com.amazon.dcp.ota.ServiceBinder.unsafeBind(ServiceBinder.java:83)
01-02 20:16:34.101  1807  4139 E com.amazon.dcp.ota.ServiceBinder: 	at com.amazon.dcp.ota.ServiceBinder.bind(ServiceBinder.java:68)
01-02 20:16:34.101  1807  4139 E com.amazon.dcp.ota.ServiceBinder: 	at com.amazon.dcp.ota.OtaServiceConnectionManager.getServiceBinder(OtaServiceConnectionManager.java:87)
01-02 20:16:34.101  1807  4139 E com.amazon.dcp.ota.ServiceBinder: 	at com.amazon.dcp.ota.OtaServiceConnectionManager.access$000(OtaServiceConnectionManager.java:22)
01-02 20:16:34.101  1807  4139 E com.amazon.dcp.ota.ServiceBinder: 	at com.amazon.dcp.ota.OtaServiceConnectionManager$OtaServiceWrapper.getLastCheckGroup(OtaServiceConnectionManager.java:196)
01-02 20:16:34.101  1807  4139 E com.amazon.dcp.ota.ServiceBinder: 	at com.amazon.dcp.ota.OTAController.getLastCheckGroup(OTAController.java:279)
01-02 20:16:34.101  1807  4139 E com.amazon.dcp.ota.ServiceBinder: 	at com.amazon.client.metrics.minerva.OTAEnabledPredefinedKeyUtil.refreshCache(OTAEnabledPredefinedKeyUtil.java:126)
01-02 20:16:34.101  1807  4139 E com.amazon.dcp.ota.ServiceBinder: 	at com.amazon.client.metrics.minerva.OTAEnabledPredefinedKeyUtil.access$000(OTAEnabledPredefinedKeyUtil.java:26)
01-02 20:16:34.101  1807  4139 E com.amazon.dcp.ota.ServiceBinder: 	at com.amazon.client.metrics.minerva.OTAEnabledPredefinedKeyUtil$1.run(OTAEnabledPredefinedKeyUtil.java:103)
01-02 20:16:34.101  1807  4139 E com.amazon.dcp.ota.ServiceBinder: 	at java.util.concurrent.Executors$RunnableAdapter.call(Executors.java:462)
01-02 20:16:34.101  1807  4139 E com.amazon.dcp.ota.ServiceBinder: 	at java.util.concurrent.FutureTask.run(FutureTask.java:266)
01-02 20:16:34.101  1807  4139 E com.amazon.dcp.ota.ServiceBinder: 	at java.util.concurrent.ThreadPoolExecutor.runWorker(ThreadPoolExecutor.java:1167)
01-02 20:16:34.101  1807  4139 E com.amazon.dcp.ota.ServiceBinder: 	at java.util.concurrent.ThreadPoolExecutor$Worker.run(ThreadPoolExecutor.java:641)
01-02 20:16:34.101  1807  4139 E com.amazon.dcp.ota.ServiceBinder: 	at java.lang.Thread.run(Thread.java:923)
01-02 20:16:34.101   962  1452 W ActivityManager: Unbind failed: could not find connection for android.os.BinderProxy@ecd9996
01-02 20:16:34.103  1807  4139 W OTAEnabledPredefinedKey: refreshCache - Failed to get OTA group name;
01-02 20:16:34.103  1807  4139 W OTAEnabledPredefinedKey: com.amazon.dcp.ota.OTAUnavailableException: Failed to bind to the OTA service
01-02 20:16:34.103  1807  4139 W OTAEnabledPredefinedKey: 	at java.lang.reflect.Constructor.newInstance0(Native Method)
01-02 20:16:34.103  1807  4139 W OTAEnabledPredefinedKey: 	at java.lang.reflect.Constructor.newInstance(Constructor.java:343)
01-02 20:16:34.103  1807  4139 W OTAEnabledPredefinedKey: 	at com.amazon.dcp.ota.Checks.throwException(Checks.java:125)
01-02 20:16:34.103  1807  4139 W OTAEnabledPredefinedKey: 	at com.amazon.dcp.ota.Checks.checkNotNull(Checks.java:76)
01-02 20:16:34.103  1807  4139 W OTAEnabledPredefinedKey: 	at com.amazon.dcp.ota.OtaServiceConnectionManager.getServiceBinder(OtaServiceConnectionManager.java:89)
01-02 20:16:34.103  1807  4139 W OTAEnabledPredefinedKey: 	at com.amazon.dcp.ota.OtaServiceConnectionManager.access$000(OtaServiceConnectionManager.java:22)
01-02 20:16:34.103  1807  4139 W OTAEnabledPredefinedKey: 	at com.amazon.dcp.ota.OtaServiceConnectionManager$OtaServiceWrapper.getLastCheckGroup(OtaServiceConnectionManager.java:196)
01-02 20:16:34.103  1807  4139 W OTAEnabledPredefinedKey: 	at com.amazon.dcp.ota.OTAController.getLastCheckGroup(OTAController.java:279)
01-02 20:16:34.103  1807  4139 W OTAEnabledPredefinedKey: 	at com.amazon.client.metrics.minerva.OTAEnabledPredefinedKeyUtil.refreshCache(OTAEnabledPredefinedKeyUtil.java:126)
01-02 20:16:34.103  1807  4139 W OTAEnabledPredefinedKey: 	at com.amazon.client.metrics.minerva.OTAEnabledPredefinedKeyUtil.access$000(OTAEnabledPredefinedKeyUtil.java:26)
01-02 20:16:34.103  1807  4139 W OTAEnabledPredefinedKey: 	at com.amazon.client.metrics.minerva.OTAEnabledPredefinedKeyUtil$1.run(OTAEnabledPredefinedKeyUtil.java:103)
01-02 20:16:34.103  1807  4139 W OTAEnabledPredefinedKey: 	at java.util.concurrent.Executors$RunnableAdapter.call(Executors.java:462)
01-02 20:16:34.103  1807  4139 W OTAEnabledPredefinedKey: 	at java.util.concurrent.FutureTask.run(FutureTask.java:266)
01-02 20:16:34.103  1807  4139 W OTAEnabledPredefinedKey: 	at java.util.concurrent.ThreadPoolExecutor.runWorker(ThreadPoolExecutor.java:1167)
01-02 20:16:34.103  1807  4139 W OTAEnabledPredefinedKey: 	at java.util.concurrent.ThreadPoolExecutor$Worker.run(ThreadPoolExecutor.java:641)
01-02 20:16:34.103  1807  4139 W OTAEnabledPredefinedKey: 	at java.lang.Thread.run(Thread.java:923)
01-02 20:16:34.107  1807  2001 E PredefinedKeyUtil: Primary account or CustomerAttributeStore is null.
01-02 20:16:34.107  1807  2001 I ...atformDependencyImpl: isAmazonDevice() in ClientSideAmazonPlatformDependencyImpl is called
01-02 20:16:34.115  1807  2001 E PredefinedKeyUtil: Primary account or CustomerAttributeStore is null.
01-02 20:16:34.116   962  1452 W ActivityManager: Unable to start service Intent { act=com.amazon.dcp.ota.action.CONTROLLER cmp=com.amazon.device.software.ota/.OtaService } U=0: not found
01-02 20:16:34.117  1807  4139 E com.amazon.dcp.ota.ServiceBinder: Failed to bind service: Intent { act=com.amazon.dcp.ota.action.CONTROLLER cmp=com.amazon.device.software.ota/.OtaService }
01-02 20:16:34.117  1807  4139 E com.amazon.dcp.ota.ServiceBinder: com.amazon.dcp.ota.ServiceBinder$BindFailedException
01-02 20:16:34.117  1807  4139 E com.amazon.dcp.ota.ServiceBinder: 	at com.amazon.dcp.ota.ServiceBinder.startBind(ServiceBinder.java:178)
01-02 20:16:34.117  1807  4139 E com.amazon.dcp.ota.ServiceBinder: 	at com.amazon.dcp.ota.ServiceBinder.unsafeBind(ServiceBinder.java:83)
01-02 20:16:34.117  1807  4139 E com.amazon.dcp.ota.ServiceBinder: 	at com.amazon.dcp.ota.ServiceBinder.bind(ServiceBinder.java:68)
01-02 20:16:34.117  1807  4139 E com.amazon.dcp.ota.ServiceBinder: 	at com.amazon.dcp.ota.OtaServiceConnectionManager.getServiceBinder(OtaServiceConnectionManager.java:87)
01-02 20:16:34.117  1807  4139 E com.amazon.dcp.ota.ServiceBinder: 	at com.amazon.dcp.ota.OtaServiceConnectionManager.access$000(OtaServiceConnectionManager.java:22)
01-02 20:16:34.117  1807  4139 E com.amazon.dcp.ota.ServiceBinder: 	at com.amazon.dcp.ota.OtaServiceConnectionManager$OtaServiceWrapper.getLastCheckGroup(OtaServiceConnectionManager.java:196)
01-02 20:16:34.117  1807  4139 E com.amazon.dcp.ota.ServiceBinder: 	at com.amazon.dcp.ota.OTAController.getLastCheckGroup(OTAController.java:279)
01-02 20:16:34.117  1807  4139 E com.amazon.dcp.ota.ServiceBinder: 	at com.amazon.client.metrics.minerva.OTAEnabledPredefinedKeyUtil.refreshCache(OTAEnabledPredefinedKeyUtil.java:126)
01-02 20:16:34.117  1807  4139 E com.amazon.dcp.ota.ServiceBinder: 	at com.amazon.client.metrics.minerva.OTAEnabledPredefinedKeyUtil.access$000(OTAEnabledPredefinedKeyUtil.java:26)
01-02 20:16:34.117  1807  4139 E com.amazon.dcp.ota.ServiceBinder: 	at com.amazon.client.metrics.minerva.OTAEnabledPredefinedKeyUtil$1.run(OTAEnabledPredefinedKeyUtil.java:103)
01-02 20:16:34.117  1807  4139 E com.amazon.dcp.ota.ServiceBinder: 	at java.util.concurrent.Executors$RunnableAdapter.call(Executors.java:462)
01-02 20:16:34.117  1807  4139 E com.amazon.dcp.ota.ServiceBinder: 	at java.util.concurrent.FutureTask.run(FutureTask.java:266)
01-02 20:16:34.117  1807  4139 E com.amazon.dcp.ota.ServiceBinder: 	at java.util.concurrent.ThreadPoolExecutor.runWorker(ThreadPoolExecutor.java:1167)
01-02 20:16:34.117  1807  4139 E com.amazon.dcp.ota.ServiceBinder: 	at java.util.concurrent.ThreadPoolExecutor$Worker.run(ThreadPoolExecutor.java:641)
01-02 20:16:34.117  1807  4139 E com.amazon.dcp.ota.ServiceBinder: 	at java.lang.Thread.run(Thread.java:923)
01-02 20:16:34.117   962  1452 W ActivityManager: Unbind failed: could not find connection for android.os.BinderProxy@25a4917
01-02 20:16:34.118  1807  4139 W OTAEnabledPredefinedKey: refreshCache - Failed to get OTA group name;
01-02 20:16:34.118  1807  4139 W OTAEnabledPredefinedKey: com.amazon.dcp.ota.OTAUnavailableException: Failed to bind to the OTA service
01-02 20:16:34.118  1807  4139 W OTAEnabledPredefinedKey: 	at java.lang.reflect.Constructor.newInstance0(Native Method)
01-02 20:16:34.118  1807  4139 W OTAEnabledPredefinedKey: 	at java.lang.reflect.Constructor.newInstance(Constructor.java:343)
01-02 20:16:34.118  1807  4139 W OTAEnabledPredefinedKey: 	at com.amazon.dcp.ota.Checks.throwException(Checks.java:125)
01-02 20:16:34.118  1807  4139 W OTAEnabledPredefinedKey: 	at com.amazon.dcp.ota.Checks.checkNotNull(Checks.java:76)
01-02 20:16:34.118  1807  4139 W OTAEnabledPredefinedKey: 	at com.amazon.dcp.ota.OtaServiceConnectionManager.getServiceBinder(OtaServiceConnectionManager.java:89)
01-02 20:16:34.118  1807  4139 W OTAEnabledPredefinedKey: 	at com.amazon.dcp.ota.OtaServiceConnectionManager.access$000(OtaServiceConnectionManager.java:22)
01-02 20:16:34.118  1807  4139 W OTAEnabledPredefinedKey: 	at com.amazon.dcp.ota.OtaServiceConnectionManager$OtaServiceWrapper.getLastCheckGroup(OtaServiceConnectionManager.java:196)
01-02 20:16:34.118  1807  4139 W OTAEnabledPredefinedKey: 	at com.amazon.dcp.ota.OTAController.getLastCheckGroup(OTAController.java:279)
01-02 20:16:34.118  1807  4139 W OTAEnabledPredefinedKey: 	at com.amazon.client.metrics.minerva.OTAEnabledPredefinedKeyUtil.refreshCache(OTAEnabledPredefinedKeyUtil.java:126)
01-02 20:16:34.118  1807  4139 W OTAEnabledPredefinedKey: 	at com.amazon.client.metrics.minerva.OTAEnabledPredefinedKeyUtil.access$000(OTAEnabledPredefinedKeyUtil.java:26)
01-02 20:16:34.118  1807  4139 W OTAEnabledPredefinedKey: 	at com.amazon.client.metrics.minerva.OTAEnabledPredefinedKeyUtil$1.run(OTAEnabledPredefinedKeyUtil.java:103)
01-02 20:16:34.118  1807  4139 W OTAEnabledPredefinedKey: 	at java.util.concurrent.Executors$RunnableAdapter.call(Executors.java:462)
01-02 20:16:34.118  1807  4139 W OTAEnabledPredefinedKey: 	at java.util.concurrent.FutureTask.run(FutureTask.java:266)
01-02 20:16:34.118  1807  4139 W OTAEnabledPredefinedKey: 	at java.util.concurrent.ThreadPoolExecutor.runWorker(ThreadPoolExecutor.java:1167)
01-02 20:16:34.118  1807  4139 W OTAEnabledPredefinedKey: 	at java.util.concurrent.ThreadPoolExecutor$Worker.run(ThreadPoolExecutor.java:641)
01-02 20:16:34.118  1807  4139 W OTAEnabledPredefinedKey: 	at java.lang.Thread.run(Thread.java:923)
01-02 20:16:34.119  1807  2001 I ...atformDependencyImpl: isAmazonDevice() in ClientSideAmazonPlatformDependencyImpl is called
01-02 20:16:34.126  1807  2001 E PredefinedKeyUtil: Primary account or CustomerAttributeStore is null.
01-02 20:16:34.126  1807  2001 I ...atformDependencyImpl: isAmazonDevice() in ClientSideAmazonPlatformDependencyImpl is called
01-02 20:16:34.134  1807  2001 E PredefinedKeyUtil: Primary account or CustomerAttributeStore is null.
01-02 20:16:34.136   962  1452 W ActivityManager: Unable to start service Intent { act=com.amazon.dcp.ota.action.CONTROLLER cmp=com.amazon.device.software.ota/.OtaService } U=0: not found
01-02 20:16:34.136  1807  4139 E com.amazon.dcp.ota.ServiceBinder: Failed to bind service: Intent { act=com.amazon.dcp.ota.action.CONTROLLER cmp=com.amazon.device.software.ota/.OtaService }
01-02 20:16:34.136  1807  4139 E com.amazon.dcp.ota.ServiceBinder: com.amazon.dcp.ota.ServiceBinder$BindFailedException
01-02 20:16:34.136  1807  4139 E com.amazon.dcp.ota.ServiceBinder: 	at com.amazon.dcp.ota.ServiceBinder.startBind(ServiceBinder.java:178)
01-02 20:16:34.136  1807  4139 E com.amazon.dcp.ota.ServiceBinder: 	at com.amazon.dcp.ota.ServiceBinder.unsafeBind(ServiceBinder.java:83)
01-02 20:16:34.136  1807  4139 E com.amazon.dcp.ota.ServiceBinder: 	at com.amazon.dcp.ota.ServiceBinder.bind(ServiceBinder.java:68)
01-02 20:16:34.136  1807  4139 E com.amazon.dcp.ota.ServiceBinder: 	at com.amazon.dcp.ota.OtaServiceConnectionManager.getServiceBinder(OtaServiceConnectionManager.java:87)
01-02 20:16:34.136  1807  4139 E com.amazon.dcp.ota.ServiceBinder: 	at com.amazon.dcp.ota.OtaServiceConnectionManager.access$000(OtaServiceConnectionManager.java:22)
01-02 20:16:34.136  1807  4139 E com.amazon.dcp.ota.ServiceBinder: 	at com.amazon.dcp.ota.OtaServiceConnectionManager$OtaServiceWrapper.getLastCheckGroup(OtaServiceConnectionManager.java:196)
01-02 20:16:34.136  1807  4139 E com.amazon.dcp.ota.ServiceBinder: 	at com.amazon.dcp.ota.OTAController.getLastCheckGroup(OTAController.java:279)
01-02 20:16:34.136  1807  4139 E com.amazon.dcp.ota.ServiceBinder: 	at com.amazon.client.metrics.minerva.OTAEnabledPredefinedKeyUtil.refreshCache(OTAEnabledPredefinedKeyUtil.java:126)
01-02 20:16:34.136  1807  4139 E com.amazon.dcp.ota.ServiceBinder: 	at com.amazon.client.metrics.minerva.OTAEnabledPredefinedKeyUtil.access$000(OTAEnabledPredefinedKeyUtil.java:26)
01-02 20:16:34.136  1807  4139 E com.amazon.dcp.ota.ServiceBinder: 	at com.amazon.client.metrics.minerva.OTAEnabledPredefinedKeyUtil$1.run(OTAEnabledPredefinedKeyUtil.java:103)
01-02 20:16:34.136  1807  4139 E com.amazon.dcp.ota.ServiceBinder: 	at java.util.concurrent.Executors$RunnableAdapter.call(Executors.java:462)
01-02 20:16:34.136  1807  4139 E com.amazon.dcp.ota.ServiceBinder: 	at java.util.concurrent.FutureTask.run(FutureTask.java:266)
01-02 20:16:34.136  1807  4139 E com.amazon.dcp.ota.ServiceBinder: 	at java.util.concurrent.ThreadPoolExecutor.runWorker(ThreadPoolExecutor.java:1167)
01-02 20:16:34.136  1807  4139 E com.amazon.dcp.ota.ServiceBinder: 	at java.util.concurrent.ThreadPoolExecutor$Worker.run(ThreadPoolExecutor.java:641)
01-02 20:16:34.136  1807  4139 E com.amazon.dcp.ota.ServiceBinder: 	at java.lang.Thread.run(Thread.java:923)
01-02 20:16:34.137   962  1452 W ActivityManager: Unbind failed: could not find connection for android.os.BinderProxy@1805104
01-02 20:16:34.137  1807  2001 I ...atformDependencyImpl: isAmazonDevice() in ClientSideAmazonPlatformDependencyImpl is called
01-02 20:16:34.137  1807  4139 W OTAEnabledPredefinedKey: refreshCache - Failed to get OTA group name;
01-02 20:16:34.137  1807  4139 W OTAEnabledPredefinedKey: com.amazon.dcp.ota.OTAUnavailableException: Failed to bind to the OTA service
01-02 20:16:34.137  1807  4139 W OTAEnabledPredefinedKey: 	at java.lang.reflect.Constructor.newInstance0(Native Method)
01-02 20:16:34.137  1807  4139 W OTAEnabledPredefinedKey: 	at java.lang.reflect.Constructor.newInstance(Constructor.java:343)
01-02 20:16:34.137  1807  4139 W OTAEnabledPredefinedKey: 	at com.amazon.dcp.ota.Checks.throwException(Checks.java:125)
01-02 20:16:34.137  1807  4139 W OTAEnabledPredefinedKey: 	at com.amazon.dcp.ota.Checks.checkNotNull(Checks.java:76)
01-02 20:16:34.137  1807  4139 W OTAEnabledPredefinedKey: 	at com.amazon.dcp.ota.OtaServiceConnectionManager.getServiceBinder(OtaServiceConnectionManager.java:89)
01-02 20:16:34.137  1807  4139 W OTAEnabledPredefinedKey: 	at com.amazon.dcp.ota.OtaServiceConnectionManager.access$000(OtaServiceConnectionManager.java:22)
01-02 20:16:34.137  1807  4139 W OTAEnabledPredefinedKey: 	at com.amazon.dcp.ota.OtaServiceConnectionManager$OtaServiceWrapper.getLastCheckGroup(OtaServiceConnectionManager.java:196)
01-02 20:16:34.137  1807  4139 W OTAEnabledPredefinedKey: 	at com.amazon.dcp.ota.OTAController.getLastCheckGroup(OTAController.java:279)
01-02 20:16:34.137  1807  4139 W OTAEnabledPredefinedKey: 	at com.amazon.client.metrics.minerva.OTAEnabledPredefinedKeyUtil.refreshCache(OTAEnabledPredefinedKeyUtil.java:126)
01-02 20:16:34.137  1807  4139 W OTAEnabledPredefinedKey: 	at com.amazon.client.metrics.minerva.OTAEnabledPredefinedKeyUtil.access$000(OTAEnabledPredefinedKeyUtil.java:26)
01-02 20:16:34.137  1807  4139 W OTAEnabledPredefinedKey: 	at com.amazon.client.metrics.minerva.OTAEnabledPredefinedKeyUtil$1.run(OTAEnabledPredefinedKeyUtil.java:103)
01-02 20:16:34.137  1807  4139 W OTAEnabledPredefinedKey: 	at java.util.concurrent.Executors$RunnableAdapter.call(Executors.java:462)
01-02 20:16:34.137  1807  4139 W OTAEnabledPredefinedKey: 	at java.util.concurrent.FutureTask.run(FutureTask.java:266)
01-02 20:16:34.137  1807  4139 W OTAEnabledPredefinedKey: 	at java.util.concurrent.ThreadPoolExecutor.runWorker(ThreadPoolExecutor.java:1167)
01-02 20:16:34.137  1807  4139 W OTAEnabledPredefinedKey: 	at java.util.concurrent.ThreadPoolExecutor$Worker.run(ThreadPoolExecutor.java:641)
01-02 20:16:34.137  1807  4139 W OTAEnabledPredefinedKey: 	at java.lang.Thread.run(Thread.java:923)
01-02 20:16:34.144  1807  2001 E PredefinedKeyUtil: Primary account or CustomerAttributeStore is null.
01-02 20:16:34.145  1807  2001 I ...atformDependencyImpl: isAmazonDevice() in ClientSideAmazonPlatformDependencyImpl is called
01-02 20:16:34.151  1807  2001 E PredefinedKeyUtil: Primary account or CustomerAttributeStore is null.
01-02 20:16:34.153   962  1452 W ActivityManager: Unable to start service Intent { act=com.amazon.dcp.ota.action.CONTROLLER cmp=com.amazon.device.software.ota/.OtaService } U=0: not found
01-02 20:16:34.153  1807  4139 E com.amazon.dcp.ota.ServiceBinder: Failed to bind service: Intent { act=com.amazon.dcp.ota.action.CONTROLLER cmp=com.amazon.device.software.ota/.OtaService }
01-02 20:16:34.153  1807  4139 E com.amazon.dcp.ota.ServiceBinder: com.amazon.dcp.ota.ServiceBinder$BindFailedException
01-02 20:16:34.153  1807  4139 E com.amazon.dcp.ota.ServiceBinder: 	at com.amazon.dcp.ota.ServiceBinder.startBind(ServiceBinder.java:178)
01-02 20:16:34.153  1807  4139 E com.amazon.dcp.ota.ServiceBinder: 	at com.amazon.dcp.ota.ServiceBinder.unsafeBind(ServiceBinder.java:83)
01-02 20:16:34.153  1807  4139 E com.amazon.dcp.ota.ServiceBinder: 	at com.amazon.dcp.ota.ServiceBinder.bind(ServiceBinder.java:68)
01-02 20:16:34.153  1807  4139 E com.amazon.dcp.ota.ServiceBinder: 	at com.amazon.dcp.ota.OtaServiceConnectionManager.getServiceBinder(OtaServiceConnectionManager.java:87)
01-02 20:16:34.153  1807  4139 E com.amazon.dcp.ota.ServiceBinder: 	at com.amazon.dcp.ota.OtaServiceConnectionManager.access$000(OtaServiceConnectionManager.java:22)
01-02 20:16:34.153  1807  4139 E com.amazon.dcp.ota.ServiceBinder: 	at com.amazon.dcp.ota.OtaServiceConnectionManager$OtaServiceWrapper.getLastCheckGroup(OtaServiceConnectionManager.java:196)
01-02 20:16:34.153  1807  4139 E com.amazon.dcp.ota.ServiceBinder: 	at com.amazon.dcp.ota.OTAController.getLastCheckGroup(OTAController.java:279)
01-02 20:16:34.153  1807  4139 E com.amazon.dcp.ota.ServiceBinder: 	at com.amazon.client.metrics.minerva.OTAEnabledPredefinedKeyUtil.refreshCache(OTAEnabledPredefinedKeyUtil.java:126)
01-02 20:16:34.153  1807  4139 E com.amazon.dcp.ota.ServiceBinder: 	at com.amazon.client.metrics.minerva.OTAEnabledPredefinedKeyUtil.access$000(OTAEnabledPredefinedKeyUtil.java:26)
01-02 20:16:34.153  1807  4139 E com.amazon.dcp.ota.ServiceBinder: 	at com.amazon.client.metrics.minerva.OTAEnabledPredefinedKeyUtil$1.run(OTAEnabledPredefinedKeyUtil.java:103)
01-02 20:16:34.153  1807  4139 E com.amazon.dcp.ota.ServiceBinder: 	at java.util.concurrent.Executors$RunnableAdapter.call(Executors.java:462)
01-02 20:16:34.153  1807  4139 E com.amazon.dcp.ota.ServiceBinder: 	at java.util.concurrent.FutureTask.run(FutureTask.java:266)
01-02 20:16:34.153  1807  4139 E com.amazon.dcp.ota.ServiceBinder: 	at java.util.concurrent.ThreadPoolExecutor.runWorker(ThreadPoolExecutor.java:1167)
01-02 20:16:34.153  1807  4139 E com.amazon.dcp.ota.ServiceBinder: 	at java.util.concurrent.ThreadPoolExecutor$Worker.run(ThreadPoolExecutor.java:641)
01-02 20:16:34.153  1807  4139 E com.amazon.dcp.ota.ServiceBinder: 	at java.lang.Thread.run(Thread.java:923)
01-02 20:16:34.154   962  1452 W ActivityManager: Unbind failed: could not find connection for android.os.BinderProxy@969e6ed
01-02 20:16:34.154  1807  2001 I ...atformDependencyImpl: isAmazonDevice() in ClientSideAmazonPlatformDependencyImpl is called
01-02 20:16:34.154  1807  4139 W OTAEnabledPredefinedKey: refreshCache - Failed to get OTA group name;
01-02 20:16:34.154  1807  4139 W OTAEnabledPredefinedKey: com.amazon.dcp.ota.OTAUnavailableException: Failed to bind to the OTA service
01-02 20:16:34.154  1807  4139 W OTAEnabledPredefinedKey: 	at java.lang.reflect.Constructor.newInstance0(Native Method)
01-02 20:16:34.154  1807  4139 W OTAEnabledPredefinedKey: 	at java.lang.reflect.Constructor.newInstance(Constructor.java:343)
01-02 20:16:34.154  1807  4139 W OTAEnabledPredefinedKey: 	at com.amazon.dcp.ota.Checks.throwException(Checks.java:125)
01-02 20:16:34.154  1807  4139 W OTAEnabledPredefinedKey: 	at com.amazon.dcp.ota.Checks.checkNotNull(Checks.java:76)
01-02 20:16:34.154  1807  4139 W OTAEnabledPredefinedKey: 	at com.amazon.dcp.ota.OtaServiceConnectionManager.getServiceBinder(OtaServiceConnectionManager.java:89)
01-02 20:16:34.154  1807  4139 W OTAEnabledPredefinedKey: 	at com.amazon.dcp.ota.OtaServiceConnectionManager.access$000(OtaServiceConnectionManager.java:22)
01-02 20:16:34.154  1807  4139 W OTAEnabledPredefinedKey: 	at com.amazon.dcp.ota.OtaServiceConnectionManager$OtaServiceWrapper.getLastCheckGroup(OtaServiceConnectionManager.java:196)
01-02 20:16:34.154  1807  4139 W OTAEnabledPredefinedKey: 	at com.amazon.dcp.ota.OTAController.getLastCheckGroup(OTAController.java:279)
01-02 20:16:34.154  1807  4139 W OTAEnabledPredefinedKey: 	at com.amazon.client.metrics.minerva.OTAEnabledPredefinedKeyUtil.refreshCache(OTAEnabledPredefinedKeyUtil.java:126)
01-02 20:16:34.154  1807  4139 W OTAEnabledPredefinedKey: 	at com.amazon.client.metrics.minerva.OTAEnabledPredefinedKeyUtil.access$000(OTAEnabledPredefinedKeyUtil.java:26)
01-02 20:16:34.154  1807  4139 W OTAEnabledPredefinedKey: 	at com.amazon.client.metrics.minerva.OTAEnabledPredefinedKeyUtil$1.run(OTAEnabledPredefinedKeyUtil.java:103)
01-02 20:16:34.154  1807  4139 W OTAEnabledPredefinedKey: 	at java.util.concurrent.Executors$RunnableAdapter.call(Executors.java:462)
01-02 20:16:34.154  1807  4139 W OTAEnabledPredefinedKey: 	at java.util.concurrent.FutureTask.run(FutureTask.java:266)
01-02 20:16:34.154  1807  4139 W OTAEnabledPredefinedKey: 	at java.util.concurrent.ThreadPoolExecutor.runWorker(ThreadPoolExecutor.java:1167)
01-02 20:16:34.154  1807  4139 W OTAEnabledPredefinedKey: 	at java.util.concurrent.ThreadPoolExecutor$Worker.run(ThreadPoolExecutor.java:641)
01-02 20:16:34.154  1807  4139 W OTAEnabledPredefinedKey: 	at java.lang.Thread.run(Thread.java:923)
01-02 20:16:34.160  1807  2001 E PredefinedKeyUtil: Primary account or CustomerAttributeStore is null.
01-02 20:16:34.161  1807  2001 I ...atformDependencyImpl: isAmazonDevice() in ClientSideAmazonPlatformDependencyImpl is called
01-02 20:16:34.167  1807  2001 E PredefinedKeyUtil: Primary account or CustomerAttributeStore is null.
01-02 20:16:34.170   962  1452 W ActivityManager: Unable to start service Intent { act=com.amazon.dcp.ota.action.CONTROLLER cmp=com.amazon.device.software.ota/.OtaService } U=0: not found
01-02 20:16:34.170  1807  2001 I ...atformDependencyImpl: isAmazonDevice() in ClientSideAmazonPlatformDependencyImpl is called
01-02 20:16:34.171  1807  4139 E com.amazon.dcp.ota.ServiceBinder: Failed to bind service: Intent { act=com.amazon.dcp.ota.action.CONTROLLER cmp=com.amazon.device.software.ota/.OtaService }
01-02 20:16:34.171  1807  4139 E com.amazon.dcp.ota.ServiceBinder: com.amazon.dcp.ota.ServiceBinder$BindFailedException
01-02 20:16:34.171  1807  4139 E com.amazon.dcp.ota.ServiceBinder: 	at com.amazon.dcp.ota.ServiceBinder.startBind(ServiceBinder.java:178)
