01-02 20:16:34.286  1807  4139 W OTAEnabledPredefinedKey: 	at java.lang.reflect.Constructor.newInstance(Constructor.java:343)
01-02 20:16:34.286  1807  4139 W OTAEnabledPredefinedKey: 	at com.amazon.dcp.ota.Checks.throwException(Checks.java:125)
01-02 20:16:34.286  1807  4139 W OTAEnabledPredefinedKey: 	at com.amazon.dcp.ota.Checks.checkNotNull(Checks.java:76)
01-02 20:16:34.286  1807  4139 W OTAEnabledPredefinedKey: 	at com.amazon.dcp.ota.OtaServiceConnectionManager.getServiceBinder(OtaServiceConnectionManager.java:89)
01-02 20:16:34.286  1807  4139 W OTAEnabledPredefinedKey: 	at com.amazon.dcp.ota.OtaServiceConnectionManager.access$000(OtaServiceConnectionManager.java:22)
01-02 20:16:34.286  1807  4139 W OTAEnabledPredefinedKey: 	at com.amazon.dcp.ota.OtaServiceConnectionManager$OtaServiceWrapper.getLastCheckGroup(OtaServiceConnectionManager.java:196)
01-02 20:16:34.286  1807  4139 W OTAEnabledPredefinedKey: 	at com.amazon.dcp.ota.OTAController.getLastCheckGroup(OTAController.java:279)
01-02 20:16:34.286  1807  4139 W OTAEnabledPredefinedKey: 	at com.amazon.client.metrics.minerva.OTAEnabledPredefinedKeyUtil.refreshCache(OTAEnabledPredefinedKeyUtil.java:126)
01-02 20:16:34.286  1807  4139 W OTAEnabledPredefinedKey: 	at com.amazon.client.metrics.minerva.OTAEnabledPredefinedKeyUtil.access$000(OTAEnabledPredefinedKeyUtil.java:26)
01-02 20:16:34.286  1807  4139 W OTAEnabledPredefinedKey: 	at com.amazon.client.metrics.minerva.OTAEnabledPredefinedKeyUtil$1.run(OTAEnabledPredefinedKeyUtil.java:103)
01-02 20:16:34.286  1807  4139 W OTAEnabledPredefinedKey: 	at java.util.concurrent.Executors$RunnableAdapter.call(Executors.java:462)
01-02 20:16:34.286  1807  4139 W OTAEnabledPredefinedKey: 	at java.util.concurrent.FutureTask.run(FutureTask.java:266)
01-02 20:16:34.286  1807  4139 W OTAEnabledPredefinedKey: 	at java.util.concurrent.ThreadPoolExecutor.runWorker(ThreadPoolExecutor.java:1167)
01-02 20:16:34.286  1807  4139 W OTAEnabledPredefinedKey: 	at java.util.concurrent.ThreadPoolExecutor$Worker.run(ThreadPoolExecutor.java:641)
01-02 20:16:34.286  1807  4139 W OTAEnabledPredefinedKey: 	at java.lang.Thread.run(Thread.java:923)
01-02 20:16:34.287  1807  2001 E PredefinedKeyUtil: Primary account or CustomerAttributeStore is null.
01-02 20:16:34.288  1807  2001 I ...atformDependencyImpl: isAmazonDevice() in ClientSideAmazonPlatformDependencyImpl is called
01-02 20:16:34.293  1807  2001 E PredefinedKeyUtil: Primary account or CustomerAttributeStore is null.
01-02 20:16:34.295   962  1452 W ActivityManager: Unable to start service Intent { act=com.amazon.dcp.ota.action.CONTROLLER cmp=com.amazon.device.software.ota/.OtaService } U=0: not found
01-02 20:16:34.296  1807  4139 E com.amazon.dcp.ota.ServiceBinder: Failed to bind service: Intent { act=com.amazon.dcp.ota.action.CONTROLLER cmp=com.amazon.device.software.ota/.OtaService }
01-02 20:16:34.296  1807  4139 E com.amazon.dcp.ota.ServiceBinder: com.amazon.dcp.ota.ServiceBinder$BindFailedException
01-02 20:16:34.296  1807  4139 E com.amazon.dcp.ota.ServiceBinder: 	at com.amazon.dcp.ota.ServiceBinder.startBind(ServiceBinder.java:178)
01-02 20:16:34.296  1807  4139 E com.amazon.dcp.ota.ServiceBinder: 	at com.amazon.dcp.ota.ServiceBinder.unsafeBind(ServiceBinder.java:83)
01-02 20:16:34.296  1807  4139 E com.amazon.dcp.ota.ServiceBinder: 	at com.amazon.dcp.ota.ServiceBinder.bind(ServiceBinder.java:68)
01-02 20:16:34.296  1807  4139 E com.amazon.dcp.ota.ServiceBinder: 	at com.amazon.dcp.ota.OtaServiceConnectionManager.getServiceBinder(OtaServiceConnectionManager.java:87)
01-02 20:16:34.296  1807  4139 E com.amazon.dcp.ota.ServiceBinder: 	at com.amazon.dcp.ota.OtaServiceConnectionManager.access$000(OtaServiceConnectionManager.java:22)
01-02 20:16:34.296  1807  4139 E com.amazon.dcp.ota.ServiceBinder: 	at com.amazon.dcp.ota.OtaServiceConnectionManager$OtaServiceWrapper.getLastCheckGroup(OtaServiceConnectionManager.java:196)
01-02 20:16:34.296  1807  4139 E com.amazon.dcp.ota.ServiceBinder: 	at com.amazon.dcp.ota.OTAController.getLastCheckGroup(OTAController.java:279)
01-02 20:16:34.296  1807  4139 E com.amazon.dcp.ota.ServiceBinder: 	at com.amazon.client.metrics.minerva.OTAEnabledPredefinedKeyUtil.refreshCache(OTAEnabledPredefinedKeyUtil.java:126)
01-02 20:16:34.296  1807  4139 E com.amazon.dcp.ota.ServiceBinder: 	at com.amazon.client.metrics.minerva.OTAEnabledPredefinedKeyUtil.access$000(OTAEnabledPredefinedKeyUtil.java:26)
01-02 20:16:34.296  1807  4139 E com.amazon.dcp.ota.ServiceBinder: 	at com.amazon.client.metrics.minerva.OTAEnabledPredefinedKeyUtil$1.run(OTAEnabledPredefinedKeyUtil.java:103)
01-02 20:16:34.296  1807  4139 E com.amazon.dcp.ota.ServiceBinder: 	at java.util.concurrent.Executors$RunnableAdapter.call(Executors.java:462)
01-02 20:16:34.296  1807  4139 E com.amazon.dcp.ota.ServiceBinder: 	at java.util.concurrent.FutureTask.run(FutureTask.java:266)
01-02 20:16:34.296  1807  4139 E com.amazon.dcp.ota.ServiceBinder: 	at java.util.concurrent.ThreadPoolExecutor.runWorker(ThreadPoolExecutor.java:1167)
01-02 20:16:34.296  1807  4139 E com.amazon.dcp.ota.ServiceBinder: 	at java.util.concurrent.ThreadPoolExecutor$Worker.run(ThreadPoolExecutor.java:641)
01-02 20:16:34.296  1807  4139 E com.amazon.dcp.ota.ServiceBinder: 	at java.lang.Thread.run(Thread.java:923)
01-02 20:16:34.296  1807  2001 I ...atformDependencyImpl: isAmazonDevice() in ClientSideAmazonPlatformDependencyImpl is called
01-02 20:16:34.297   962  1452 W ActivityManager: Unbind failed: could not find connection for android.os.BinderProxy@23e122b
01-02 20:16:34.297  1807  4139 W OTAEnabledPredefinedKey: refreshCache - Failed to get OTA group name;
01-02 20:16:34.297  1807  4139 W OTAEnabledPredefinedKey: com.amazon.dcp.ota.OTAUnavailableException: Failed to bind to the OTA service
01-02 20:16:34.297  1807  4139 W OTAEnabledPredefinedKey: 	at java.lang.reflect.Constructor.newInstance0(Native Method)
01-02 20:16:34.297  1807  4139 W OTAEnabledPredefinedKey: 	at java.lang.reflect.Constructor.newInstance(Constructor.java:343)
01-02 20:16:34.297  1807  4139 W OTAEnabledPredefinedKey: 	at com.amazon.dcp.ota.Checks.throwException(Checks.java:125)
01-02 20:16:34.297  1807  4139 W OTAEnabledPredefinedKey: 	at com.amazon.dcp.ota.Checks.checkNotNull(Checks.java:76)
01-02 20:16:34.297  1807  4139 W OTAEnabledPredefinedKey: 	at com.amazon.dcp.ota.OtaServiceConnectionManager.getServiceBinder(OtaServiceConnectionManager.java:89)
01-02 20:16:34.297  1807  4139 W OTAEnabledPredefinedKey: 	at com.amazon.dcp.ota.OtaServiceConnectionManager.access$000(OtaServiceConnectionManager.java:22)
01-02 20:16:34.297  1807  4139 W OTAEnabledPredefinedKey: 	at com.amazon.dcp.ota.OtaServiceConnectionManager$OtaServiceWrapper.getLastCheckGroup(OtaServiceConnectionManager.java:196)
01-02 20:16:34.297  1807  4139 W OTAEnabledPredefinedKey: 	at com.amazon.dcp.ota.OTAController.getLastCheckGroup(OTAController.java:279)
01-02 20:16:34.297  1807  4139 W OTAEnabledPredefinedKey: 	at com.amazon.client.metrics.minerva.OTAEnabledPredefinedKeyUtil.refreshCache(OTAEnabledPredefinedKeyUtil.java:126)
01-02 20:16:34.297  1807  4139 W OTAEnabledPredefinedKey: 	at com.amazon.client.metrics.minerva.OTAEnabledPredefinedKeyUtil.access$000(OTAEnabledPredefinedKeyUtil.java:26)
01-02 20:16:34.297  1807  4139 W OTAEnabledPredefinedKey: 	at com.amazon.client.metrics.minerva.OTAEnabledPredefinedKeyUtil$1.run(OTAEnabledPredefinedKeyUtil.java:103)
01-02 20:16:34.297  1807  4139 W OTAEnabledPredefinedKey: 	at java.util.concurrent.Executors$RunnableAdapter.call(Executors.java:462)
01-02 20:16:34.297  1807  4139 W OTAEnabledPredefinedKey: 	at java.util.concurrent.FutureTask.run(FutureTask.java:266)
01-02 20:16:34.297  1807  4139 W OTAEnabledPredefinedKey: 	at java.util.concurrent.ThreadPoolExecutor.runWorker(ThreadPoolExecutor.java:1167)
01-02 20:16:34.297  1807  4139 W OTAEnabledPredefinedKey: 	at java.util.concurrent.ThreadPoolExecutor$Worker.run(ThreadPoolExecutor.java:641)
01-02 20:16:34.297  1807  4139 W OTAEnabledPredefinedKey: 	at java.lang.Thread.run(Thread.java:923)
01-02 20:16:34.302  1807  2001 E PredefinedKeyUtil: Primary account or CustomerAttributeStore is null.
01-02 20:16:34.302  1807  2001 I ...atformDependencyImpl: isAmazonDevice() in ClientSideAmazonPlatformDependencyImpl is called
01-02 20:16:34.308  1807  2001 E PredefinedKeyUtil: Primary account or CustomerAttributeStore is null.
01-02 20:16:34.310  1807  2001 I ...atformDependencyImpl: isAmazonDevice() in ClientSideAmazonPlatformDependencyImpl is called
01-02 20:16:34.314   962  1452 W ActivityManager: Unable to start service Intent { act=com.amazon.dcp.ota.action.CONTROLLER cmp=com.amazon.device.software.ota/.OtaService } U=0: not found
01-02 20:16:34.315  1807  4139 E com.amazon.dcp.ota.ServiceBinder: Failed to bind service: Intent { act=com.amazon.dcp.ota.action.CONTROLLER cmp=com.amazon.device.software.ota/.OtaService }
01-02 20:16:34.315  1807  4139 E com.amazon.dcp.ota.ServiceBinder: com.amazon.dcp.ota.ServiceBinder$BindFailedException
01-02 20:16:34.315  1807  4139 E com.amazon.dcp.ota.ServiceBinder: 	at com.amazon.dcp.ota.ServiceBinder.startBind(ServiceBinder.java:178)
01-02 20:16:34.315  1807  4139 E com.amazon.dcp.ota.ServiceBinder: 	at com.amazon.dcp.ota.ServiceBinder.unsafeBind(ServiceBinder.java:83)
01-02 20:16:34.315  1807  4139 E com.amazon.dcp.ota.ServiceBinder: 	at com.amazon.dcp.ota.ServiceBinder.bind(ServiceBinder.java:68)
01-02 20:16:34.315  1807  4139 E com.amazon.dcp.ota.ServiceBinder: 	at com.amazon.dcp.ota.OtaServiceConnectionManager.getServiceBinder(OtaServiceConnectionManager.java:87)
01-02 20:16:34.315  1807  4139 E com.amazon.dcp.ota.ServiceBinder: 	at com.amazon.dcp.ota.OtaServiceConnectionManager.access$000(OtaServiceConnectionManager.java:22)
01-02 20:16:34.315  1807  4139 E com.amazon.dcp.ota.ServiceBinder: 	at com.amazon.dcp.ota.OtaServiceConnectionManager$OtaServiceWrapper.getLastCheckGroup(OtaServiceConnectionManager.java:196)
01-02 20:16:34.315  1807  4139 E com.amazon.dcp.ota.ServiceBinder: 	at com.amazon.dcp.ota.OTAController.getLastCheckGroup(OTAController.java:279)
01-02 20:16:34.315  1807  4139 E com.amazon.dcp.ota.ServiceBinder: 	at com.amazon.client.metrics.minerva.OTAEnabledPredefinedKeyUtil.refreshCache(OTAEnabledPredefinedKeyUtil.java:126)
01-02 20:16:34.315  1807  4139 E com.amazon.dcp.ota.ServiceBinder: 	at com.amazon.client.metrics.minerva.OTAEnabledPredefinedKeyUtil.access$000(OTAEnabledPredefinedKeyUtil.java:26)
01-02 20:16:34.315  1807  4139 E com.amazon.dcp.ota.ServiceBinder: 	at com.amazon.client.metrics.minerva.OTAEnabledPredefinedKeyUtil$1.run(OTAEnabledPredefinedKeyUtil.java:103)
01-02 20:16:34.315  1807  4139 E com.amazon.dcp.ota.ServiceBinder: 	at java.util.concurrent.Executors$RunnableAdapter.call(Executors.java:462)
01-02 20:16:34.315  1807  4139 E com.amazon.dcp.ota.ServiceBinder: 	at java.util.concurrent.FutureTask.run(FutureTask.java:266)
01-02 20:16:34.315  1807  4139 E com.amazon.dcp.ota.ServiceBinder: 	at java.util.concurrent.ThreadPoolExecutor.runWorker(ThreadPoolExecutor.java:1167)
01-02 20:16:34.315  1807  4139 E com.amazon.dcp.ota.ServiceBinder: 	at java.util.concurrent.ThreadPoolExecutor$Worker.run(ThreadPoolExecutor.java:641)
01-02 20:16:34.315  1807  4139 E com.amazon.dcp.ota.ServiceBinder: 	at java.lang.Thread.run(Thread.java:923)
01-02 20:16:34.316   962  1452 W ActivityManager: Unbind failed: could not find connection for android.os.BinderProxy@6390688
01-02 20:16:34.316  1807  2001 E PredefinedKeyUtil: Primary account or CustomerAttributeStore is null.
01-02 20:16:34.316  1807  2001 I ...atformDependencyImpl: isAmazonDevice() in ClientSideAmazonPlatformDependencyImpl is called
01-02 20:16:34.317  1807  4139 W OTAEnabledPredefinedKey: refreshCache - Failed to get OTA group name;
01-02 20:16:34.317  1807  4139 W OTAEnabledPredefinedKey: com.amazon.dcp.ota.OTAUnavailableException: Failed to bind to the OTA service
01-02 20:16:34.317  1807  4139 W OTAEnabledPredefinedKey: 	at java.lang.reflect.Constructor.newInstance0(Native Method)
01-02 20:16:34.317  1807  4139 W OTAEnabledPredefinedKey: 	at java.lang.reflect.Constructor.newInstance(Constructor.java:343)
01-02 20:16:34.317  1807  4139 W OTAEnabledPredefinedKey: 	at com.amazon.dcp.ota.Checks.throwException(Checks.java:125)
01-02 20:16:34.317  1807  4139 W OTAEnabledPredefinedKey: 	at com.amazon.dcp.ota.Checks.checkNotNull(Checks.java:76)
01-02 20:16:34.317  1807  4139 W OTAEnabledPredefinedKey: 	at com.amazon.dcp.ota.OtaServiceConnectionManager.getServiceBinder(OtaServiceConnectionManager.java:89)
01-02 20:16:34.317  1807  4139 W OTAEnabledPredefinedKey: 	at com.amazon.dcp.ota.OtaServiceConnectionManager.access$000(OtaServiceConnectionManager.java:22)
01-02 20:16:34.317  1807  4139 W OTAEnabledPredefinedKey: 	at com.amazon.dcp.ota.OtaServiceConnectionManager$OtaServiceWrapper.getLastCheckGroup(OtaServiceConnectionManager.java:196)
01-02 20:16:34.317  1807  4139 W OTAEnabledPredefinedKey: 	at com.amazon.dcp.ota.OTAController.getLastCheckGroup(OTAController.java:279)
01-02 20:16:34.317  1807  4139 W OTAEnabledPredefinedKey: 	at com.amazon.client.metrics.minerva.OTAEnabledPredefinedKeyUtil.refreshCache(OTAEnabledPredefinedKeyUtil.java:126)
01-02 20:16:34.317  1807  4139 W OTAEnabledPredefinedKey: 	at com.amazon.client.metrics.minerva.OTAEnabledPredefinedKeyUtil.access$000(OTAEnabledPredefinedKeyUtil.java:26)
01-02 20:16:34.317  1807  4139 W OTAEnabledPredefinedKey: 	at com.amazon.client.metrics.minerva.OTAEnabledPredefinedKeyUtil$1.run(OTAEnabledPredefinedKeyUtil.java:103)
01-02 20:16:34.317  1807  4139 W OTAEnabledPredefinedKey: 	at java.util.concurrent.Executors$RunnableAdapter.call(Executors.java:462)
01-02 20:16:34.317  1807  4139 W OTAEnabledPredefinedKey: 	at java.util.concurrent.FutureTask.run(FutureTask.java:266)
01-02 20:16:34.317  1807  4139 W OTAEnabledPredefinedKey: 	at java.util.concurrent.ThreadPoolExecutor.runWorker(ThreadPoolExecutor.java:1167)
01-02 20:16:34.317  1807  4139 W OTAEnabledPredefinedKey: 	at java.util.concurrent.ThreadPoolExecutor$Worker.run(ThreadPoolExecutor.java:641)
01-02 20:16:34.317  1807  4139 W OTAEnabledPredefinedKey: 	at java.lang.Thread.run(Thread.java:923)
01-02 20:16:34.323  1807  2001 E PredefinedKeyUtil: Primary account or CustomerAttributeStore is null.
01-02 20:16:34.324  1807  2001 I ...atformDependencyImpl: isAmazonDevice() in ClientSideAmazonPlatformDependencyImpl is called
01-02 20:16:34.325   962  1452 W ActivityManager: Unable to start service Intent { act=com.amazon.dcp.ota.action.CONTROLLER cmp=com.amazon.device.software.ota/.OtaService } U=0: not found
01-02 20:16:34.326  1807  4139 E com.amazon.dcp.ota.ServiceBinder: Failed to bind service: Intent { act=com.amazon.dcp.ota.action.CONTROLLER cmp=com.amazon.device.software.ota/.OtaService }
01-02 20:16:34.326  1807  4139 E com.amazon.dcp.ota.ServiceBinder: com.amazon.dcp.ota.ServiceBinder$BindFailedException
01-02 20:16:34.326  1807  4139 E com.amazon.dcp.ota.ServiceBinder: 	at com.amazon.dcp.ota.ServiceBinder.startBind(ServiceBinder.java:178)
01-02 20:16:34.326  1807  4139 E com.amazon.dcp.ota.ServiceBinder: 	at com.amazon.dcp.ota.ServiceBinder.unsafeBind(ServiceBinder.java:83)
01-02 20:16:34.326  1807  4139 E com.amazon.dcp.ota.ServiceBinder: 	at com.amazon.dcp.ota.ServiceBinder.bind(ServiceBinder.java:68)
01-02 20:16:34.326  1807  4139 E com.amazon.dcp.ota.ServiceBinder: 	at com.amazon.dcp.ota.OtaServiceConnectionManager.getServiceBinder(OtaServiceConnectionManager.java:87)
01-02 20:16:34.326  1807  4139 E com.amazon.dcp.ota.ServiceBinder: 	at com.amazon.dcp.ota.OtaServiceConnectionManager.access$000(OtaServiceConnectionManager.java:22)
01-02 20:16:34.326  1807  4139 E com.amazon.dcp.ota.ServiceBinder: 	at com.amazon.dcp.ota.OtaServiceConnectionManager$OtaServiceWrapper.getLastCheckGroup(OtaServiceConnectionManager.java:196)
01-02 20:16:34.326  1807  4139 E com.amazon.dcp.ota.ServiceBinder: 	at com.amazon.dcp.ota.OTAController.getLastCheckGroup(OTAController.java:279)
01-02 20:16:34.326  1807  4139 E com.amazon.dcp.ota.ServiceBinder: 	at com.amazon.client.metrics.minerva.OTAEnabledPredefinedKeyUtil.refreshCache(OTAEnabledPredefinedKeyUtil.java:126)
01-02 20:16:34.326  1807  4139 E com.amazon.dcp.ota.ServiceBinder: 	at com.amazon.client.metrics.minerva.OTAEnabledPredefinedKeyUtil.access$000(OTAEnabledPredefinedKeyUtil.java:26)
01-02 20:16:34.326  1807  4139 E com.amazon.dcp.ota.ServiceBinder: 	at com.amazon.client.metrics.minerva.OTAEnabledPredefinedKeyUtil$1.run(OTAEnabledPredefinedKeyUtil.java:103)
01-02 20:16:34.326  1807  4139 E com.amazon.dcp.ota.ServiceBinder: 	at java.util.concurrent.Executors$RunnableAdapter.call(Executors.java:462)
01-02 20:16:34.326  1807  4139 E com.amazon.dcp.ota.ServiceBinder: 	at java.util.concurrent.FutureTask.run(FutureTask.java:266)
01-02 20:16:34.326  1807  4139 E com.amazon.dcp.ota.ServiceBinder: 	at java.util.concurrent.ThreadPoolExecutor.runWorker(ThreadPoolExecutor.java:1167)
01-02 20:16:34.326  1807  4139 E com.amazon.dcp.ota.ServiceBinder: 	at java.util.concurrent.ThreadPoolExecutor$Worker.run(ThreadPoolExecutor.java:641)
01-02 20:16:34.326  1807  4139 E com.amazon.dcp.ota.ServiceBinder: 	at java.lang.Thread.run(Thread.java:923)
01-02 20:16:34.326   962  1452 W ActivityManager: Unbind failed: could not find connection for android.os.BinderProxy@b756821
01-02 20:16:34.327  1807  4139 W OTAEnabledPredefinedKey: refreshCache - Failed to get OTA group name;
01-02 20:16:34.327  1807  4139 W OTAEnabledPredefinedKey: com.amazon.dcp.ota.OTAUnavailableException: Failed to bind to the OTA service
01-02 20:16:34.327  1807  4139 W OTAEnabledPredefinedKey: 	at java.lang.reflect.Constructor.newInstance0(Native Method)
01-02 20:16:34.327  1807  4139 W OTAEnabledPredefinedKey: 	at java.lang.reflect.Constructor.newInstance(Constructor.java:343)
01-02 20:16:34.327  1807  4139 W OTAEnabledPredefinedKey: 	at com.amazon.dcp.ota.Checks.throwException(Checks.java:125)
01-02 20:16:34.327  1807  4139 W OTAEnabledPredefinedKey: 	at com.amazon.dcp.ota.Checks.checkNotNull(Checks.java:76)
01-02 20:16:34.327  1807  4139 W OTAEnabledPredefinedKey: 	at com.amazon.dcp.ota.OtaServiceConnectionManager.getServiceBinder(OtaServiceConnectionManager.java:89)
01-02 20:16:34.327  1807  4139 W OTAEnabledPredefinedKey: 	at com.amazon.dcp.ota.OtaServiceConnectionManager.access$000(OtaServiceConnectionManager.java:22)
01-02 20:16:34.327  1807  4139 W OTAEnabledPredefinedKey: 	at com.amazon.dcp.ota.OtaServiceConnectionManager$OtaServiceWrapper.getLastCheckGroup(OtaServiceConnectionManager.java:196)
01-02 20:16:34.327  1807  4139 W OTAEnabledPredefinedKey: 	at com.amazon.dcp.ota.OTAController.getLastCheckGroup(OTAController.java:279)
01-02 20:16:34.327  1807  4139 W OTAEnabledPredefinedKey: 	at com.amazon.client.metrics.minerva.OTAEnabledPredefinedKeyUtil.refreshCache(OTAEnabledPredefinedKeyUtil.java:126)
01-02 20:16:34.327  1807  4139 W OTAEnabledPredefinedKey: 	at com.amazon.client.metrics.minerva.OTAEnabledPredefinedKeyUtil.access$000(OTAEnabledPredefinedKeyUtil.java:26)
01-02 20:16:34.327  1807  4139 W OTAEnabledPredefinedKey: 	at com.amazon.client.metrics.minerva.OTAEnabledPredefinedKeyUtil$1.run(OTAEnabledPredefinedKeyUtil.java:103)
01-02 20:16:34.327  1807  4139 W OTAEnabledPredefinedKey: 	at java.util.concurrent.Executors$RunnableAdapter.call(Executors.java:462)
01-02 20:16:34.327  1807  4139 W OTAEnabledPredefinedKey: 	at java.util.concurrent.FutureTask.run(FutureTask.java:266)
01-02 20:16:34.327  1807  4139 W OTAEnabledPredefinedKey: 	at java.util.concurrent.ThreadPoolExecutor.runWorker(ThreadPoolExecutor.java:1167)
01-02 20:16:34.327  1807  4139 W OTAEnabledPredefinedKey: 	at java.util.concurrent.ThreadPoolExecutor$Worker.run(ThreadPoolExecutor.java:641)
01-02 20:16:34.327  1807  4139 W OTAEnabledPredefinedKey: 	at java.lang.Thread.run(Thread.java:923)
01-02 20:16:34.332  1807  2001 E PredefinedKeyUtil: Primary account or CustomerAttributeStore is null.
01-02 20:16:34.333  1807  2001 I ...atformDependencyImpl: isAmazonDevice() in ClientSideAmazonPlatformDependencyImpl is called
01-02 20:16:34.336  5081  5081 I ...atformDependencyImpl: isAmazonDevice() in ClientSideAmazonPlatformDependencyImpl is called
01-02 20:16:34.342  1807  2001 E PredefinedKeyUtil: Primary account or CustomerAttributeStore is null.
01-02 20:16:34.343  1807  2001 I ...atformDependencyImpl: isAmazonDevice() in ClientSideAmazonPlatformDependencyImpl is called
01-02 20:16:34.344   962  1452 W ActivityManager: Unable to start service Intent { act=com.amazon.dcp.ota.action.CONTROLLER cmp=com.amazon.device.software.ota/.OtaService } U=0: not found
01-02 20:16:34.345  1807  4139 E com.amazon.dcp.ota.ServiceBinder: Failed to bind service: Intent { act=com.amazon.dcp.ota.action.CONTROLLER cmp=com.amazon.device.software.ota/.OtaService }
01-02 20:16:34.345  1807  4139 E com.amazon.dcp.ota.ServiceBinder: com.amazon.dcp.ota.ServiceBinder$BindFailedException
01-02 20:16:34.345  1807  4139 E com.amazon.dcp.ota.ServiceBinder: 	at com.amazon.dcp.ota.ServiceBinder.startBind(ServiceBinder.java:178)
01-02 20:16:34.345  1807  4139 E com.amazon.dcp.ota.ServiceBinder: 	at com.amazon.dcp.ota.ServiceBinder.unsafeBind(ServiceBinder.java:83)
01-02 20:16:34.345  1807  4139 E com.amazon.dcp.ota.ServiceBinder: 	at com.amazon.dcp.ota.ServiceBinder.bind(ServiceBinder.java:68)
01-02 20:16:34.345  1807  4139 E com.amazon.dcp.ota.ServiceBinder: 	at com.amazon.dcp.ota.OtaServiceConnectionManager.getServiceBinder(OtaServiceConnectionManager.java:87)
01-02 20:16:34.345  1807  4139 E com.amazon.dcp.ota.ServiceBinder: 	at com.amazon.dcp.ota.OtaServiceConnectionManager.access$000(OtaServiceConnectionManager.java:22)
01-02 20:16:34.345  1807  4139 E com.amazon.dcp.ota.ServiceBinder: 	at com.amazon.dcp.ota.OtaServiceConnectionManager$OtaServiceWrapper.getLastCheckGroup(OtaServiceConnectionManager.java:196)
01-02 20:16:34.345  1807  4139 E com.amazon.dcp.ota.ServiceBinder: 	at com.amazon.dcp.ota.OTAController.getLastCheckGroup(OTAController.java:279)
01-02 20:16:34.345  1807  4139 E com.amazon.dcp.ota.ServiceBinder: 	at com.amazon.client.metrics.minerva.OTAEnabledPredefinedKeyUtil.refreshCache(OTAEnabledPredefinedKeyUtil.java:126)
01-02 20:16:34.345  1807  4139 E com.amazon.dcp.ota.ServiceBinder: 	at com.amazon.client.metrics.minerva.OTAEnabledPredefinedKeyUtil.access$000(OTAEnabledPredefinedKeyUtil.java:26)
01-02 20:16:34.345  1807  4139 E com.amazon.dcp.ota.ServiceBinder: 	at com.amazon.client.metrics.minerva.OTAEnabledPredefinedKeyUtil$1.run(OTAEnabledPredefinedKeyUtil.java:103)
01-02 20:16:34.345  1807  4139 E com.amazon.dcp.ota.ServiceBinder: 	at java.util.concurrent.Executors$RunnableAdapter.call(Executors.java:462)
01-02 20:16:34.345  1807  4139 E com.amazon.dcp.ota.ServiceBinder: 	at java.util.concurrent.FutureTask.run(FutureTask.java:266)
01-02 20:16:34.345  1807  4139 E com.amazon.dcp.ota.ServiceBinder: 	at java.util.concurrent.ThreadPoolExecutor.runWorker(ThreadPoolExecutor.java:1167)
01-02 20:16:34.345  1807  4139 E com.amazon.dcp.ota.ServiceBinder: 	at java.util.concurrent.ThreadPoolExecutor$Worker.run(ThreadPoolExecutor.java:641)
01-02 20:16:34.345  1807  4139 E com.amazon.dcp.ota.ServiceBinder: 	at java.lang.Thread.run(Thread.java:923)
01-02 20:16:34.347   962  1406 W ActivityManager: Unbind failed: could not find connection for android.os.BinderProxy@13d9446
01-02 20:16:34.349  1807  4139 W OTAEnabledPredefinedKey: refreshCache - Failed to get OTA group name;
01-02 20:16:34.349  1807  4139 W OTAEnabledPredefinedKey: com.amazon.dcp.ota.OTAUnavailableException: Failed to bind to the OTA service
01-02 20:16:34.349  1807  4139 W OTAEnabledPredefinedKey: 	at java.lang.reflect.Constructor.newInstance0(Native Method)
01-02 20:16:34.349  1807  4139 W OTAEnabledPredefinedKey: 	at java.lang.reflect.Constructor.newInstance(Constructor.java:343)
01-02 20:16:34.349  1807  4139 W OTAEnabledPredefinedKey: 	at com.amazon.dcp.ota.Checks.throwException(Checks.java:125)
01-02 20:16:34.349  1807  4139 W OTAEnabledPredefinedKey: 	at com.amazon.dcp.ota.Checks.checkNotNull(Checks.java:76)
01-02 20:16:34.349  1807  4139 W OTAEnabledPredefinedKey: 	at com.amazon.dcp.ota.OtaServiceConnectionManager.getServiceBinder(OtaServiceConnectionManager.java:89)
01-02 20:16:34.349  1807  4139 W OTAEnabledPredefinedKey: 	at com.amazon.dcp.ota.OtaServiceConnectionManager.access$000(OtaServiceConnectionManager.java:22)
01-02 20:16:34.349  1807  4139 W OTAEnabledPredefinedKey: 	at com.amazon.dcp.ota.OtaServiceConnectionManager$OtaServiceWrapper.getLastCheckGroup(OtaServiceConnectionManager.java:196)
01-02 20:16:34.349  1807  4139 W OTAEnabledPredefinedKey: 	at com.amazon.dcp.ota.OTAController.getLastCheckGroup(OTAController.java:279)
01-02 20:16:34.349  1807  4139 W OTAEnabledPredefinedKey: 	at com.amazon.client.metrics.minerva.OTAEnabledPredefinedKeyUtil.refreshCache(OTAEnabledPredefinedKeyUtil.java:126)
01-02 20:16:34.349  1807  4139 W OTAEnabledPredefinedKey: 	at com.amazon.client.metrics.minerva.OTAEnabledPredefinedKeyUtil.access$000(OTAEnabledPredefinedKeyUtil.java:26)
01-02 20:16:34.349  1807  4139 W OTAEnabledPredefinedKey: 	at com.amazon.client.metrics.minerva.OTAEnabledPredefinedKeyUtil$1.run(OTAEnabledPredefinedKeyUtil.java:103)
01-02 20:16:34.349  1807  4139 W OTAEnabledPredefinedKey: 	at java.util.concurrent.Executors$RunnableAdapter.call(Executors.java:462)
01-02 20:16:34.349  1807  4139 W OTAEnabledPredefinedKey: 	at java.util.concurrent.FutureTask.run(FutureTask.java:266)
01-02 20:16:34.349  1807  4139 W OTAEnabledPredefinedKey: 	at java.util.concurrent.ThreadPoolExecutor.runWorker(ThreadPoolExecutor.java:1167)
01-02 20:16:34.349  1807  4139 W OTAEnabledPredefinedKey: 	at java.util.concurrent.ThreadPoolExecutor$Worker.run(ThreadPoolExecutor.java:641)
01-02 20:16:34.349  1807  4139 W OTAEnabledPredefinedKey: 	at java.lang.Thread.run(Thread.java:923)
01-02 20:16:34.349  5081  5081 W BSTN_MapClient: empty account, retry in 1000
01-02 20:16:34.350  1807  2001 E PredefinedKeyUtil: Primary account or CustomerAttributeStore is null.
01-02 20:16:34.350  1807  2001 I ...atformDependencyImpl: isAmazonDevice() in ClientSideAmazonPlatformDependencyImpl is called
01-02 20:16:34.354  1807  2001 E PredefinedKeyUtil: Primary account or CustomerAttributeStore is null.
01-02 20:16:34.355  1807  2001 I ...atformDependencyImpl: isAmazonDevice() in ClientSideAmazonPlatformDependencyImpl is called
01-02 20:16:34.356   962  1406 W ActivityManager: Unable to start service Intent { act=com.amazon.dcp.ota.action.CONTROLLER cmp=com.amazon.device.software.ota/.OtaService } U=0: not found
01-02 20:16:34.358  1807  4139 E com.amazon.dcp.ota.ServiceBinder: Failed to bind service: Intent { act=com.amazon.dcp.ota.action.CONTROLLER cmp=com.amazon.device.software.ota/.OtaService }
01-02 20:16:34.358  1807  4139 E com.amazon.dcp.ota.ServiceBinder: com.amazon.dcp.ota.ServiceBinder$BindFailedException
01-02 20:16:34.358  1807  4139 E com.amazon.dcp.ota.ServiceBinder: 	at com.amazon.dcp.ota.ServiceBinder.startBind(ServiceBinder.java:178)
01-02 20:16:34.358  1807  4139 E com.amazon.dcp.ota.ServiceBinder: 	at com.amazon.dcp.ota.ServiceBinder.unsafeBind(ServiceBinder.java:83)
01-02 20:16:34.358  1807  4139 E com.amazon.dcp.ota.ServiceBinder: 	at com.amazon.dcp.ota.ServiceBinder.bind(ServiceBinder.java:68)
01-02 20:16:34.358  1807  4139 E com.amazon.dcp.ota.ServiceBinder: 	at com.amazon.dcp.ota.OtaServiceConnectionManager.getServiceBinder(OtaServiceConnectionManager.java:87)
01-02 20:16:34.358  1807  4139 E com.amazon.dcp.ota.ServiceBinder: 	at com.amazon.dcp.ota.OtaServiceConnectionManager.access$000(OtaServiceConnectionManager.java:22)
01-02 20:16:34.358  1807  4139 E com.amazon.dcp.ota.ServiceBinder: 	at com.amazon.dcp.ota.OtaServiceConnectionManager$OtaServiceWrapper.getLastCheckGroup(OtaServiceConnectionManager.java:196)
01-02 20:16:34.358  1807  4139 E com.amazon.dcp.ota.ServiceBinder: 	at com.amazon.dcp.ota.OTAController.getLastCheckGroup(OTAController.java:279)
01-02 20:16:34.358  1807  4139 E com.amazon.dcp.ota.ServiceBinder: 	at com.amazon.client.metrics.minerva.OTAEnabledPredefinedKeyUtil.refreshCache(OTAEnabledPredefinedKeyUtil.java:126)
01-02 20:16:34.358  1807  4139 E com.amazon.dcp.ota.ServiceBinder: 	at com.amazon.client.metrics.minerva.OTAEnabledPredefinedKeyUtil.access$000(OTAEnabledPredefinedKeyUtil.java:26)
01-02 20:16:34.358  1807  4139 E com.amazon.dcp.ota.ServiceBinder: 	at com.amazon.client.metrics.minerva.OTAEnabledPredefinedKeyUtil$1.run(OTAEnabledPredefinedKeyUtil.java:103)
01-02 20:16:34.358  1807  4139 E com.amazon.dcp.ota.ServiceBinder: 	at java.util.concurrent.Executors$RunnableAdapter.call(Executors.java:462)
01-02 20:16:34.358  1807  4139 E com.amazon.dcp.ota.ServiceBinder: 	at java.util.concurrent.FutureTask.run(FutureTask.java:266)
01-02 20:16:34.358  1807  4139 E com.amazon.dcp.ota.ServiceBinder: 	at java.util.concurrent.ThreadPoolExecutor.runWorker(ThreadPoolExecutor.java:1167)
01-02 20:16:34.358  1807  4139 E com.amazon.dcp.ota.ServiceBinder: 	at java.util.concurrent.ThreadPoolExecutor$Worker.run(ThreadPoolExecutor.java:641)
01-02 20:16:34.358  1807  4139 E com.amazon.dcp.ota.ServiceBinder: 	at java.lang.Thread.run(Thread.java:923)
01-02 20:16:34.358   962  1452 W ActivityManager: Unbind failed: could not find connection for android.os.BinderProxy@e89a607
01-02 20:16:34.359  1807  4139 W OTAEnabledPredefinedKey: refreshCache - Failed to get OTA group name;
01-02 20:16:34.359  1807  4139 W OTAEnabledPredefinedKey: com.amazon.dcp.ota.OTAUnavailableException: Failed to bind to the OTA service
01-02 20:16:34.359  1807  4139 W OTAEnabledPredefinedKey: 	at java.lang.reflect.Constructor.newInstance0(Native Method)
01-02 20:16:34.359  1807  4139 W OTAEnabledPredefinedKey: 	at java.lang.reflect.Constructor.newInstance(Constructor.java:343)
01-02 20:16:34.359  1807  4139 W OTAEnabledPredefinedKey: 	at com.amazon.dcp.ota.Checks.throwException(Checks.java:125)
01-02 20:16:34.359  1807  4139 W OTAEnabledPredefinedKey: 	at com.amazon.dcp.ota.Checks.checkNotNull(Checks.java:76)
01-02 20:16:34.359  1807  4139 W OTAEnabledPredefinedKey: 	at com.amazon.dcp.ota.OtaServiceConnectionManager.getServiceBinder(OtaServiceConnectionManager.java:89)
01-02 20:16:34.359  1807  4139 W OTAEnabledPredefinedKey: 	at com.amazon.dcp.ota.OtaServiceConnectionManager.access$000(OtaServiceConnectionManager.java:22)
01-02 20:16:34.359  1807  4139 W OTAEnabledPredefinedKey: 	at com.amazon.dcp.ota.OtaServiceConnectionManager$OtaServiceWrapper.getLastCheckGroup(OtaServiceConnectionManager.java:196)
01-02 20:16:34.359  1807  4139 W OTAEnabledPredefinedKey: 	at com.amazon.dcp.ota.OTAController.getLastCheckGroup(OTAController.java:279)
01-02 20:16:34.359  1807  4139 W OTAEnabledPredefinedKey: 	at com.amazon.client.metrics.minerva.OTAEnabledPredefinedKeyUtil.refreshCache(OTAEnabledPredefinedKeyUtil.java:126)
01-02 20:16:34.359  1807  4139 W OTAEnabledPredefinedKey: 	at com.amazon.client.metrics.minerva.OTAEnabledPredefinedKeyUtil.access$000(OTAEnabledPredefinedKeyUtil.java:26)
01-02 20:16:34.359  1807  4139 W OTAEnabledPredefinedKey: 	at com.amazon.client.metrics.minerva.OTAEnabledPredefinedKeyUtil$1.run(OTAEnabledPredefinedKeyUtil.java:103)
01-02 20:16:34.359  1807  4139 W OTAEnabledPredefinedKey: 	at java.util.concurrent.Executors$RunnableAdapter.call(Executors.java:462)
01-02 20:16:34.359  1807  4139 W OTAEnabledPredefinedKey: 	at java.util.concurrent.FutureTask.run(FutureTask.java:266)
01-02 20:16:34.359  1807  4139 W OTAEnabledPredefinedKey: 	at java.util.concurrent.ThreadPoolExecutor.runWorker(ThreadPoolExecutor.java:1167)
01-02 20:16:34.359  1807  4139 W OTAEnabledPredefinedKey: 	at java.util.concurrent.ThreadPoolExecutor$Worker.run(ThreadPoolExecutor.java:641)
01-02 20:16:34.359  1807  4139 W OTAEnabledPredefinedKey: 	at java.lang.Thread.run(Thread.java:923)
01-02 20:16:34.360  1807  2001 E PredefinedKeyUtil: Primary account or CustomerAttributeStore is null.
01-02 20:16:34.360  1807  2001 I ...atformDependencyImpl: isAmazonDevice() in ClientSideAmazonPlatformDependencyImpl is called
01-02 20:16:34.365  1807  2001 E PredefinedKeyUtil: Primary account or CustomerAttributeStore is null.
01-02 20:16:34.366  1807  2001 I ...atformDependencyImpl: isAmazonDevice() in ClientSideAmazonPlatformDependencyImpl is called
01-02 20:16:34.367   962  1452 W ActivityManager: Unable to start service Intent { act=com.amazon.dcp.ota.action.CONTROLLER cmp=com.amazon.device.software.ota/.OtaService } U=0: not found
01-02 20:16:34.367  1807  4139 E com.amazon.dcp.ota.ServiceBinder: Failed to bind service: Intent { act=com.amazon.dcp.ota.action.CONTROLLER cmp=com.amazon.device.software.ota/.OtaService }
01-02 20:16:34.367  1807  4139 E com.amazon.dcp.ota.ServiceBinder: com.amazon.dcp.ota.ServiceBinder$BindFailedException
01-02 20:16:34.367  1807  4139 E com.amazon.dcp.ota.ServiceBinder: 	at com.amazon.dcp.ota.ServiceBinder.startBind(ServiceBinder.java:178)
01-02 20:16:34.367  1807  4139 E com.amazon.dcp.ota.ServiceBinder: 	at com.amazon.dcp.ota.ServiceBinder.unsafeBind(ServiceBinder.java:83)
01-02 20:16:34.367  1807  4139 E com.amazon.dcp.ota.ServiceBinder: 	at com.amazon.dcp.ota.ServiceBinder.bind(ServiceBinder.java:68)
01-02 20:16:34.367  1807  4139 E com.amazon.dcp.ota.ServiceBinder: 	at com.amazon.dcp.ota.OtaServiceConnectionManager.getServiceBinder(OtaServiceConnectionManager.java:87)
01-02 20:16:34.367  1807  4139 E com.amazon.dcp.ota.ServiceBinder: 	at com.amazon.dcp.ota.OtaServiceConnectionManager.access$000(OtaServiceConnectionManager.java:22)
01-02 20:16:34.367  1807  4139 E com.amazon.dcp.ota.ServiceBinder: 	at com.amazon.dcp.ota.OtaServiceConnectionManager$OtaServiceWrapper.getLastCheckGroup(OtaServiceConnectionManager.java:196)
01-02 20:16:34.367  1807  4139 E com.amazon.dcp.ota.ServiceBinder: 	at com.amazon.dcp.ota.OTAController.getLastCheckGroup(OTAController.java:279)
01-02 20:16:34.367  1807  4139 E com.amazon.dcp.ota.ServiceBinder: 	at com.amazon.client.metrics.minerva.OTAEnabledPredefinedKeyUtil.refreshCache(OTAEnabledPredefinedKeyUtil.java:126)
01-02 20:16:34.367  1807  4139 E com.amazon.dcp.ota.ServiceBinder: 	at com.amazon.client.metrics.minerva.OTAEnabledPredefinedKeyUtil.access$000(OTAEnabledPredefinedKeyUtil.java:26)
01-02 20:16:34.367  1807  4139 E com.amazon.dcp.ota.ServiceBinder: 	at com.amazon.client.metrics.minerva.OTAEnabledPredefinedKeyUtil$1.run(OTAEnabledPredefinedKeyUtil.java:103)
01-02 20:16:34.367  1807  4139 E com.amazon.dcp.ota.ServiceBinder: 	at java.util.concurrent.Executors$RunnableAdapter.call(Executors.java:462)
01-02 20:16:34.367  1807  4139 E com.amazon.dcp.ota.ServiceBinder: 	at java.util.concurrent.FutureTask.run(FutureTask.java:266)
01-02 20:16:34.367  1807  4139 E com.amazon.dcp.ota.ServiceBinder: 	at java.util.concurrent.ThreadPoolExecutor.runWorker(ThreadPoolExecutor.java:1167)
01-02 20:16:34.367  1807  4139 E com.amazon.dcp.ota.ServiceBinder: 	at java.util.concurrent.ThreadPoolExecutor$Worker.run(ThreadPoolExecutor.java:641)
01-02 20:16:34.367  1807  4139 E com.amazon.dcp.ota.ServiceBinder: 	at java.lang.Thread.run(Thread.java:923)
01-02 20:16:34.368   962  1452 W ActivityManager: Unbind failed: could not find connection for android.os.BinderProxy@19c0334
01-02 20:16:34.368  1807  4139 W OTAEnabledPredefinedKey: refreshCache - Failed to get OTA group name;
01-02 20:16:34.368  1807  4139 W OTAEnabledPredefinedKey: com.amazon.dcp.ota.OTAUnavailableException: Failed to bind to the OTA service
01-02 20:16:34.368  1807  4139 W OTAEnabledPredefinedKey: 	at java.lang.reflect.Constructor.newInstance0(Native Method)
01-02 20:16:34.368  1807  4139 W OTAEnabledPredefinedKey: 	at java.lang.reflect.Constructor.newInstance(Constructor.java:343)
01-02 20:16:34.368  1807  4139 W OTAEnabledPredefinedKey: 	at com.amazon.dcp.ota.Checks.throwException(Checks.java:125)
01-02 20:16:34.368  1807  4139 W OTAEnabledPredefinedKey: 	at com.amazon.dcp.ota.Checks.checkNotNull(Checks.java:76)
01-02 20:16:34.368  1807  4139 W OTAEnabledPredefinedKey: 	at com.amazon.dcp.ota.OtaServiceConnectionManager.getServiceBinder(OtaServiceConnectionManager.java:89)
01-02 20:16:34.368  1807  4139 W OTAEnabledPredefinedKey: 	at com.amazon.dcp.ota.OtaServiceConnectionManager.access$000(OtaServiceConnectionManager.java:22)
01-02 20:16:34.368  1807  4139 W OTAEnabledPredefinedKey: 	at com.amazon.dcp.ota.OtaServiceConnectionManager$OtaServiceWrapper.getLastCheckGroup(OtaServiceConnectionManager.java:196)
01-02 20:16:34.368  1807  4139 W OTAEnabledPredefinedKey: 	at com.amazon.dcp.ota.OTAController.getLastCheckGroup(OTAController.java:279)
01-02 20:16:34.368  1807  4139 W OTAEnabledPredefinedKey: 	at com.amazon.client.metrics.minerva.OTAEnabledPredefinedKeyUtil.refreshCache(OTAEnabledPredefinedKeyUtil.java:126)
01-02 20:16:34.368  1807  4139 W OTAEnabledPredefinedKey: 	at com.amazon.client.metrics.minerva.OTAEnabledPredefinedKeyUtil.access$000(OTAEnabledPredefinedKeyUtil.java:26)
01-02 20:16:34.368  1807  4139 W OTAEnabledPredefinedKey: 	at com.amazon.client.metrics.minerva.OTAEnabledPredefinedKeyUtil$1.run(OTAEnabledPredefinedKeyUtil.java:103)
01-02 20:16:34.368  1807  4139 W OTAEnabledPredefinedKey: 	at java.util.concurrent.Executors$RunnableAdapter.call(Executors.java:462)
01-02 20:16:34.368  1807  4139 W OTAEnabledPredefinedKey: 	at java.util.concurrent.FutureTask.run(FutureTask.java:266)
01-02 20:16:34.368  1807  4139 W OTAEnabledPredefinedKey: 	at java.util.concurrent.ThreadPoolExecutor.runWorker(ThreadPoolExecutor.java:1167)
01-02 20:16:34.368  1807  4139 W OTAEnabledPredefinedKey: 	at java.util.concurrent.ThreadPoolExecutor$Worker.run(ThreadPoolExecutor.java:641)
01-02 20:16:34.368  1807  4139 W OTAEnabledPredefinedKey: 	at java.lang.Thread.run(Thread.java:923)
01-02 20:16:34.372  1807  2001 E PredefinedKeyUtil: Primary account or CustomerAttributeStore is null.
01-02 20:16:34.372  1807  2001 I ...atformDependencyImpl: isAmazonDevice() in ClientSideAmazonPlatformDependencyImpl is called
01-02 20:16:34.380  1807  2001 E PredefinedKeyUtil: Primary account or CustomerAttributeStore is null.
01-02 20:16:34.382   962  1452 W ActivityManager: Unable to start service Intent { act=com.amazon.dcp.ota.action.CONTROLLER cmp=com.amazon.device.software.ota/.OtaService } U=0: not found
01-02 20:16:34.382  1807  4139 E com.amazon.dcp.ota.ServiceBinder: Failed to bind service: Intent { act=com.amazon.dcp.ota.action.CONTROLLER cmp=com.amazon.device.software.ota/.OtaService }
01-02 20:16:34.382  1807  4139 E com.amazon.dcp.ota.ServiceBinder: com.amazon.dcp.ota.ServiceBinder$BindFailedException
01-02 20:16:34.382  1807  4139 E com.amazon.dcp.ota.ServiceBinder: 	at com.amazon.dcp.ota.ServiceBinder.startBind(ServiceBinder.java:178)
01-02 20:16:34.382  1807  4139 E com.amazon.dcp.ota.ServiceBinder: 	at com.amazon.dcp.ota.ServiceBinder.unsafeBind(ServiceBinder.java:83)
01-02 20:16:34.382  1807  4139 E com.amazon.dcp.ota.ServiceBinder: 	at com.amazon.dcp.ota.ServiceBinder.bind(ServiceBinder.java:68)
01-02 20:16:34.382  1807  4139 E com.amazon.dcp.ota.ServiceBinder: 	at com.amazon.dcp.ota.OtaServiceConnectionManager.getServiceBinder(OtaServiceConnectionManager.java:87)
01-02 20:16:34.382  1807  4139 E com.amazon.dcp.ota.ServiceBinder: 	at com.amazon.dcp.ota.OtaServiceConnectionManager.access$000(OtaServiceConnectionManager.java:22)
01-02 20:16:34.382  1807  4139 E com.amazon.dcp.ota.ServiceBinder: 	at com.amazon.dcp.ota.OtaServiceConnectionManager$OtaServiceWrapper.getLastCheckGroup(OtaServiceConnectionManager.java:196)
01-02 20:16:34.382  1807  4139 E com.amazon.dcp.ota.ServiceBinder: 	at com.amazon.dcp.ota.OTAController.getLastCheckGroup(OTAController.java:279)
01-02 20:16:34.382  1807  4139 E com.amazon.dcp.ota.ServiceBinder: 	at com.amazon.client.metrics.minerva.OTAEnabledPredefinedKeyUtil.refreshCache(OTAEnabledPredefinedKeyUtil.java:126)
01-02 20:16:34.382  1807  4139 E com.amazon.dcp.ota.ServiceBinder: 	at com.amazon.client.metrics.minerva.OTAEnabledPredefinedKeyUtil.access$000(OTAEnabledPredefinedKeyUtil.java:26)
01-02 20:16:34.382  1807  4139 E com.amazon.dcp.ota.ServiceBinder: 	at com.amazon.client.metrics.minerva.OTAEnabledPredefinedKeyUtil$1.run(OTAEnabledPredefinedKeyUtil.java:103)
01-02 20:16:34.382  1807  4139 E com.amazon.dcp.ota.ServiceBinder: 	at java.util.concurrent.Executors$RunnableAdapter.call(Executors.java:462)
01-02 20:16:34.382  1807  4139 E com.amazon.dcp.ota.ServiceBinder: 	at java.util.concurrent.FutureTask.run(FutureTask.java:266)
01-02 20:16:34.382  1807  4139 E com.amazon.dcp.ota.ServiceBinder: 	at java.util.concurrent.ThreadPoolExecutor.runWorker(ThreadPoolExecutor.java:1167)
01-02 20:16:34.382  1807  4139 E com.amazon.dcp.ota.ServiceBinder: 	at java.util.concurrent.ThreadPoolExecutor$Worker.run(ThreadPoolExecutor.java:641)
01-02 20:16:34.382  1807  4139 E com.amazon.dcp.ota.ServiceBinder: 	at java.lang.Thread.run(Thread.java:923)
01-02 20:16:34.383   962  1452 W ActivityManager: Unbind failed: could not find connection for android.os.BinderProxy@69f655d
01-02 20:16:34.383  1807  4139 W OTAEnabledPredefinedKey: refreshCache - Failed to get OTA group name;
01-02 20:16:34.383  1807  4139 W OTAEnabledPredefinedKey: com.amazon.dcp.ota.OTAUnavailableException: Failed to bind to the OTA service
01-02 20:16:34.383  1807  4139 W OTAEnabledPredefinedKey: 	at java.lang.reflect.Constructor.newInstance0(Native Method)
01-02 20:16:34.383  1807  4139 W OTAEnabledPredefinedKey: 	at java.lang.reflect.Constructor.newInstance(Constructor.java:343)
01-02 20:16:34.383  1807  4139 W OTAEnabledPredefinedKey: 	at com.amazon.dcp.ota.Checks.throwException(Checks.java:125)
01-02 20:16:34.383  1807  4139 W OTAEnabledPredefinedKey: 	at com.amazon.dcp.ota.Checks.checkNotNull(Checks.java:76)
01-02 20:16:34.383  1807  4139 W OTAEnabledPredefinedKey: 	at com.amazon.dcp.ota.OtaServiceConnectionManager.getServiceBinder(OtaServiceConnectionManager.java:89)
01-02 20:16:34.383  1807  4139 W OTAEnabledPredefinedKey: 	at com.amazon.dcp.ota.OtaServiceConnectionManager.access$000(OtaServiceConnectionManager.java:22)
01-02 20:16:34.383  1807  4139 W OTAEnabledPredefinedKey: 	at com.amazon.dcp.ota.OtaServiceConnectionManager$OtaServiceWrapper.getLastCheckGroup(OtaServiceConnectionManager.java:196)
01-02 20:16:34.383  1807  4139 W OTAEnabledPredefinedKey: 	at com.amazon.dcp.ota.OTAController.getLastCheckGroup(OTAController.java:279)
01-02 20:16:34.383  1807  4139 W OTAEnabledPredefinedKey: 	at com.amazon.client.metrics.minerva.OTAEnabledPredefinedKeyUtil.refreshCache(OTAEnabledPredefinedKeyUtil.java:126)
01-02 20:16:34.383  1807  4139 W OTAEnabledPredefinedKey: 	at com.amazon.client.metrics.minerva.OTAEnabledPredefinedKeyUtil.access$000(OTAEnabledPredefinedKeyUtil.java:26)
01-02 20:16:34.383  1807  4139 W OTAEnabledPredefinedKey: 	at com.amazon.client.metrics.minerva.OTAEnabledPredefinedKeyUtil$1.run(OTAEnabledPredefinedKeyUtil.java:103)
01-02 20:16:34.383  1807  4139 W OTAEnabledPredefinedKey: 	at java.util.concurrent.Executors$RunnableAdapter.call(Executors.java:462)
01-02 20:16:34.383  1807  4139 W OTAEnabledPredefinedKey: 	at java.util.concurrent.FutureTask.run(FutureTask.java:266)
01-02 20:16:34.383  1807  4139 W OTAEnabledPredefinedKey: 	at java.util.concurrent.ThreadPoolExecutor.runWorker(ThreadPoolExecutor.java:1167)
01-02 20:16:34.383  1807  4139 W OTAEnabledPredefinedKey: 	at java.util.concurrent.ThreadPoolExecutor$Worker.run(ThreadPoolExecutor.java:641)
01-02 20:16:34.383  1807  4139 W OTAEnabledPredefinedKey: 	at java.lang.Thread.run(Thread.java:923)
01-02 20:16:35.350  5081  5081 I ...atformDependencyImpl: isAmazonDevice() in ClientSideAmazonPlatformDependencyImpl is called
01-02 20:16:35.362  5081  5081 W BSTN_MapClient: empty account, retry in 1000
01-02 20:16:36.361  1165  1165 D WifiHAL : enter wifi_get_link_stats id[0] iface[0x0xb4000079e3014560]
01-02 20:16:36.361  1165  1165 I WifiHAL : Creating message to get link statistics; iface = 13
01-02 20:16:36.361  1165  1165 D WifiHAL : WifiRequest::create vendor command to iface 13, vendor_id=0x1a11, subcmd=0x1200, res=0
01-02 20:16:36.363  5081  5081 I ...atformDependencyImpl: isAmazonDevice() in ClientSideAmazonPlatformDependencyImpl is called
01-02 20:16:36.374  1165  1165 D WifiHAL : In GetLinkStatsCommand::handleResponse
01-02 20:16:36.374  1165  1165 D WifiHAL : on_time: = 194830540
01-02 20:16:36.374  1165  1165 D WifiHAL : tx_time: = 188861
01-02 20:16:36.374  1165  1165 D WifiHAL : rx_time: = 3063283
01-02 20:16:36.374  1165  1165 D WifiHAL : on_time_scan: = 2393524
01-02 20:16:36.374  1165  1165 D WifiHAL : beacon_rx: = 1058959
01-02 20:16:36.374  1165  1165 D WifiHAL : rssi_mgmt: = -34
01-02 20:16:36.374  1165  1165 D WifiHAL : received mpdu: = 175269
01-02 20:16:36.374  1165  1165 D WifiHAL : transmite mpdu: = 228874
01-02 20:16:36.374  1165  1165 D WifiHAL : lost mpdu: = 98295
01-02 20:16:36.374  1165  1165 D WifiHAL : retry mpdu: = 435
01-02 20:16:36.374  1165  1165 D WifiHAL : mId[0] mIface[0x0xb4000079e3014560]
01-02 20:16:36.378  5081  5081 W BSTN_MapClient: empty account, retry in 1000
01-02 20:16:37.380  5081  5081 I ...atformDependencyImpl: isAmazonDevice() in ClientSideAmazonPlatformDependencyImpl is called
01-02 20:16:37.390  5081  5081 W BSTN_MapClient: empty account, retry in 1000
01-02 20:16:37.648 30394  2455 I NearbyMediums: No BLE Fast/GATT advertisements found in the latest cycle.
01-02 20:16:37.648 30394  2455 I NearbyMediums: Current Tracked Scanning Clients are : {NearbyConnections.EnvironmentMonitor, NearbySharing}
01-02 20:16:38.393  5081  5081 I ...atformDependencyImpl: isAmazonDevice() in ClientSideAmazonPlatformDependencyImpl is called
01-02 20:16:38.404  5081  5081 W BSTN_MapClient: empty account, retry in 1000
01-02 20:16:39.388  1165  1165 D WifiHAL : enter wifi_get_link_stats id[0] iface[0x0xb4000079e3014560]
01-02 20:16:39.388  1165  1165 I WifiHAL : Creating message to get link statistics; iface = 13
01-02 20:16:39.388  1165  1165 D WifiHAL : WifiRequest::create vendor command to iface 13, vendor_id=0x1a11, subcmd=0x1200, res=0
01-02 20:16:39.398  1165  1165 D WifiHAL : In GetLinkStatsCommand::handleResponse
01-02 20:16:39.399  1165  1165 D WifiHAL : on_time: = 194833568
01-02 20:16:39.399  1165  1165 D WifiHAL : tx_time: = 188861
01-02 20:16:39.399  1165  1165 D WifiHAL : rx_time: = 3063358
01-02 20:16:39.399  1165  1165 D WifiHAL : on_time_scan: = 2393524
01-02 20:16:39.399  1165  1165 D WifiHAL : beacon_rx: = 1059057
01-02 20:16:39.399  1165  1165 D WifiHAL : rssi_mgmt: = -34
01-02 20:16:39.399  1165  1165 D WifiHAL : received mpdu: = 175296
01-02 20:16:39.399  1165  1165 D WifiHAL : transmite mpdu: = 228874
01-02 20:16:39.399  1165  1165 D WifiHAL : lost mpdu: = 98295
01-02 20:16:39.399  1165  1165 D WifiHAL : retry mpdu: = 435
01-02 20:16:39.399  1165  1165 D WifiHAL : mId[0] mIface[0x0xb4000079e3014560]
01-02 20:16:39.405  5081  5081 I ...atformDependencyImpl: isAmazonDevice() in ClientSideAmazonPlatformDependencyImpl is called
01-02 20:16:39.414  5081  5081 W BSTN_MapClient: empty account, retry in 1000
01-02 20:16:40.416  5081  5081 I ...atformDependencyImpl: isAmazonDevice() in ClientSideAmazonPlatformDependencyImpl is called
01-02 20:16:40.428  5081  5081 W BSTN_MapClient: empty account, retry in 1000
01-02 20:16:41.429  5081  5081 I ...atformDependencyImpl: isAmazonDevice() in ClientSideAmazonPlatformDependencyImpl is called
01-02 20:16:41.442  5081  5081 W BSTN_MapClient: empty account, retry in 1000
01-02 20:16:42.413  1165  1165 D WifiHAL : enter wifi_get_link_stats id[0] iface[0x0xb4000079e3014560]
01-02 20:16:42.413  1165  1165 I WifiHAL : Creating message to get link statistics; iface = 13
01-02 20:16:42.413  1165  1165 D WifiHAL : WifiRequest::create vendor command to iface 13, vendor_id=0x1a11, subcmd=0x1200, res=0
01-02 20:16:42.423  1165  1165 D WifiHAL : In GetLinkStatsCommand::handleResponse
01-02 20:16:42.423  1165  1165 D WifiHAL : on_time: = 194836592
01-02 20:16:42.423  1165  1165 D WifiHAL : tx_time: = 188861
01-02 20:16:42.423  1165  1165 D WifiHAL : rx_time: = 3063413
01-02 20:16:42.423  1165  1165 D WifiHAL : on_time_scan: = 2393524
01-02 20:16:42.423  1165  1165 D WifiHAL : beacon_rx: = 1059145
01-02 20:16:42.423  1165  1165 D WifiHAL : rssi_mgmt: = -34
01-02 20:16:42.423  1165  1165 D WifiHAL : received mpdu: = 175318
01-02 20:16:42.423  1165  1165 D WifiHAL : transmite mpdu: = 228874
01-02 20:16:42.423  1165  1165 D WifiHAL : lost mpdu: = 98295
01-02 20:16:42.423  1165  1165 D WifiHAL : retry mpdu: = 435
01-02 20:16:42.423  1165  1165 D WifiHAL : mId[0] mIface[0x0xb4000079e3014560]
01-02 20:16:42.443  5081  5081 I ...atformDependencyImpl: isAmazonDevice() in ClientSideAmazonPlatformDependencyImpl is called
01-02 20:16:42.458  5081  5081 W BSTN_MapClient: empty account, retry in 1000
01-02 20:16:43.461  5081  5081 I ...atformDependencyImpl: isAmazonDevice() in ClientSideAmazonPlatformDependencyImpl is called
01-02 20:16:43.474  5081  5081 W BSTN_MapClient: empty account, retry in 1000
