01-02 20:15:16.655 30394  3774 I AlarmManager: setExactAndAllowWhileIdle [name: GCM_HB_ALARM type: 2 triggerAtMillis: 196787809]
01-02 20:15:16.658 30394  3774 I AlarmManager: setExactAndAllowWhileIdle [name: GCM_HB_ALARM type: 2 triggerAtMillis: 196787812]
01-02 20:15:17.241  5081  5081 I ...atformDependencyImpl: isAmazonDevice() in ClientSideAmazonPlatformDependencyImpl is called
01-02 20:15:17.257  5081  5081 W BSTN_MapClient: empty account, retry in 1000
01-02 20:15:17.629 30394  2455 I NearbyMediums: No BLE Fast/GATT advertisements found in the latest cycle.
01-02 20:15:17.629 30394  2455 I NearbyMediums: Current Tracked Scanning Clients are : {NearbyConnections.EnvironmentMonitor, NearbySharing}
01-02 20:15:17.670 11554 11554 D BoundBrokerSvc: onUnbind: Intent { act=com.google.android.gms.feedback.internal.IFeedbackService dat=chimera-action: cmp=com.google.android.gms/.chimera.GmsBoundBrokerService }
01-02 20:15:17.852  1165  1165 D WifiHAL : enter wifi_get_link_stats id[0] iface[0x0xb4000079e3014560]
01-02 20:15:17.852  1165  1165 I WifiHAL : Creating message to get link statistics; iface = 13
01-02 20:15:17.852  1165  1165 D WifiHAL : WifiRequest::create vendor command to iface 13, vendor_id=0x1a11, subcmd=0x1200, res=0
01-02 20:15:17.856  1165  1165 D WifiHAL : In GetLinkStatsCommand::handleResponse
01-02 20:15:17.856  1165  1165 D WifiHAL : on_time: = 194752032
01-02 20:15:17.856  1165  1165 D WifiHAL : tx_time: = 188853
01-02 20:15:17.856  1165  1165 D WifiHAL : rx_time: = 3060408
01-02 20:15:17.856  1165  1165 D WifiHAL : on_time_scan: = 2393524
01-02 20:15:17.856  1165  1165 D WifiHAL : beacon_rx: = 1056358
01-02 20:15:17.856  1165  1165 D WifiHAL : rssi_mgmt: = -34
01-02 20:15:17.856  1165  1165 D WifiHAL : received mpdu: = 174477
01-02 20:15:17.856  1165  1165 D WifiHAL : transmite mpdu: = 228852
01-02 20:15:17.856  1165  1165 D WifiHAL : lost mpdu: = 98294
01-02 20:15:17.856  1165  1165 D WifiHAL : retry mpdu: = 433
01-02 20:15:17.857  1165  1165 D WifiHAL : mId[0] mIface[0x0xb4000079e3014560]
01-02 20:15:18.259  5081  5081 I ...atformDependencyImpl: isAmazonDevice() in ClientSideAmazonPlatformDependencyImpl is called
01-02 20:15:18.271  5081  5081 W BSTN_MapClient: empty account, retry in 1000
01-02 20:15:19.272  5081  5081 I ...atformDependencyImpl: isAmazonDevice() in ClientSideAmazonPlatformDependencyImpl is called
01-02 20:15:19.284  5081  5081 W BSTN_MapClient: empty account, retry in 1000
01-02 20:15:20.286  5081  5081 I ...atformDependencyImpl: isAmazonDevice() in ClientSideAmazonPlatformDependencyImpl is called
01-02 20:15:20.299  5081  5081 W BSTN_MapClient: empty account, retry in 1000
01-02 20:15:20.870  1165  1165 D WifiHAL : enter wifi_get_link_stats id[0] iface[0x0xb4000079e3014560]
01-02 20:15:20.870  1165  1165 I WifiHAL : Creating message to get link statistics; iface = 13
01-02 20:15:20.870  1165  1165 D WifiHAL : WifiRequest::create vendor command to iface 13, vendor_id=0x1a11, subcmd=0x1200, res=0
01-02 20:15:20.880  1165  1165 D WifiHAL : In GetLinkStatsCommand::handleResponse
01-02 20:15:20.880  1165  1165 D WifiHAL : on_time: = 194755052
01-02 20:15:20.880  1165  1165 D WifiHAL : tx_time: = 188853
01-02 20:15:20.880  1165  1165 D WifiHAL : rx_time: = 3060517
01-02 20:15:20.880  1165  1165 D WifiHAL : on_time_scan: = 2393524
01-02 20:15:20.880  1165  1165 D WifiHAL : beacon_rx: = 1056462
01-02 20:15:20.880  1165  1165 D WifiHAL : rssi_mgmt: = -33
01-02 20:15:20.880  1165  1165 D WifiHAL : received mpdu: = 174503
01-02 20:15:20.880  1165  1165 D WifiHAL : transmite mpdu: = 228852
01-02 20:15:20.880  1165  1165 D WifiHAL : lost mpdu: = 98294
01-02 20:15:20.880  1165  1165 D WifiHAL : retry mpdu: = 433
01-02 20:15:20.880  1165  1165 D WifiHAL : mId[0] mIface[0x0xb4000079e3014560]
01-02 20:15:21.301  5081  5081 I ...atformDependencyImpl: isAmazonDevice() in ClientSideAmazonPlatformDependencyImpl is called
01-02 20:15:21.313  5081  5081 W BSTN_MapClient: empty account, retry in 1000
01-02 20:15:22.314  5081  5081 I ...atformDependencyImpl: isAmazonDevice() in ClientSideAmazonPlatformDependencyImpl is called
01-02 20:15:22.326  5081  5081 W BSTN_MapClient: empty account, retry in 1000
01-02 20:15:23.327  5081  5081 I ...atformDependencyImpl: isAmazonDevice() in ClientSideAmazonPlatformDependencyImpl is called
01-02 20:15:23.339  5081  5081 W BSTN_MapClient: empty account, retry in 1000
01-02 20:15:23.895  1165  1165 D WifiHAL : enter wifi_get_link_stats id[0] iface[0x0xb4000079e3014560]
01-02 20:15:23.896  1165  1165 I WifiHAL : Creating message to get link statistics; iface = 13
01-02 20:15:23.896  1165  1165 D WifiHAL : WifiRequest::create vendor command to iface 13, vendor_id=0x1a11, subcmd=0x1200, res=0
01-02 20:15:23.904  1165  1165 D WifiHAL : In GetLinkStatsCommand::handleResponse
01-02 20:15:23.904  1165  1165 D WifiHAL : on_time: = 194758076
01-02 20:15:23.904  1165  1165 D WifiHAL : tx_time: = 188853
01-02 20:15:23.904  1165  1165 D WifiHAL : rx_time: = 3060590
01-02 20:15:23.904  1165  1165 D WifiHAL : on_time_scan: = 2393524
01-02 20:15:23.904  1165  1165 D WifiHAL : beacon_rx: = 1056565
01-02 20:15:23.904  1165  1165 D WifiHAL : rssi_mgmt: = -34
01-02 20:15:23.904  1165  1165 D WifiHAL : received mpdu: = 174531
01-02 20:15:23.904  1165  1165 D WifiHAL : transmite mpdu: = 228852
01-02 20:15:23.904  1165  1165 D WifiHAL : lost mpdu: = 98294
01-02 20:15:23.904  1165  1165 D WifiHAL : retry mpdu: = 433
01-02 20:15:23.904  1165  1165 D WifiHAL : mId[0] mIface[0x0xb4000079e3014560]
01-02 20:15:24.341  5081  5081 I ...atformDependencyImpl: isAmazonDevice() in ClientSideAmazonPlatformDependencyImpl is called
01-02 20:15:24.353  5081  5081 W BSTN_MapClient: empty account, retry in 1000
01-02 20:15:25.354  5081  5081 I ...atformDependencyImpl: isAmazonDevice() in ClientSideAmazonPlatformDependencyImpl is called
01-02 20:15:25.366  5081  5081 W BSTN_MapClient: empty account, retry in 1000
01-02 20:15:26.368  5081  5081 I ...atformDependencyImpl: isAmazonDevice() in ClientSideAmazonPlatformDependencyImpl is called
01-02 20:15:26.381  5081  5081 W BSTN_MapClient: empty account, retry in 1000
01-02 20:15:26.916  1165  1165 D WifiHAL : enter wifi_get_link_stats id[0] iface[0x0xb4000079e3014560]
01-02 20:15:26.916  1165  1165 I WifiHAL : Creating message to get link statistics; iface = 13
01-02 20:15:26.916  1165  1165 D WifiHAL : WifiRequest::create vendor command to iface 13, vendor_id=0x1a11, subcmd=0x1200, res=0
01-02 20:15:26.923  1165  1165 D WifiHAL : In GetLinkStatsCommand::handleResponse
01-02 20:15:26.923  1165  1165 D WifiHAL : on_time: = 194761096
01-02 20:15:26.923  1165  1165 D WifiHAL : tx_time: = 188853
01-02 20:15:26.923  1165  1165 D WifiHAL : rx_time: = 3060685
01-02 20:15:26.923  1165  1165 D WifiHAL : on_time_scan: = 2393524
01-02 20:15:26.923  1165  1165 D WifiHAL : beacon_rx: = 1056654
01-02 20:15:26.923  1165  1165 D WifiHAL : rssi_mgmt: = -34
01-02 20:15:26.923  1165  1165 D WifiHAL : received mpdu: = 174554
01-02 20:15:26.923  1165  1165 D WifiHAL : transmite mpdu: = 228852
01-02 20:15:26.923  1165  1165 D WifiHAL : lost mpdu: = 98294
01-02 20:15:26.923  1165  1165 D WifiHAL : retry mpdu: = 433
01-02 20:15:26.923  1165  1165 D WifiHAL : mId[0] mIface[0x0xb4000079e3014560]
01-02 20:15:27.382  5081  5081 I ...atformDependencyImpl: isAmazonDevice() in ClientSideAmazonPlatformDependencyImpl is called
01-02 20:15:27.396  5081  5081 W BSTN_MapClient: empty account, retry in 1000
01-02 20:15:27.476 19074 19117 E QTagParser: Error reading from /proc/net/xt_qtaguid/stats. Please check if this file exists.
01-02 20:15:27.476 19074 19518 I DuoLog  : [Platform - Application Stability and Performance]: beginSection: api_call https://zombie.duolingo.com/0/android.json?user=0&ts=1767402927&tzoffset=-5.0&requestingProcessContext=other
01-02 20:15:27.521 19074 19518 I DuoLog  : [Platform - Application Stability and Performance]: endSection: api_call https://zombie.duolingo.com/0/android.json?user=0&ts=1767402927&tzoffset=-5.0&requestingProcessContext=other
01-02 20:15:27.529 19074  2049 V DuoLog  : [Platform - Engineering Studio]: zombie.duolingo.com returned a failure as expected. This indicates normal site conditions.
01-02 20:15:27.530 19074 19117 E QTagParser: Error reading from /proc/net/xt_qtaguid/stats. Please check if this file exists.
01-02 20:15:27.631 30394  2455 I NearbyMediums: No BLE Fast/GATT advertisements found in the latest cycle.
01-02 20:15:27.631 30394  2455 I NearbyMediums: Current Tracked Scanning Clients are : {NearbyConnections.EnvironmentMonitor, NearbySharing}
01-02 20:15:28.397  5081  5081 I ...atformDependencyImpl: isAmazonDevice() in ClientSideAmazonPlatformDependencyImpl is called
01-02 20:15:28.409  5081  5081 W BSTN_MapClient: empty account, retry in 1000
01-02 20:15:29.410  5081  5081 I ...atformDependencyImpl: isAmazonDevice() in ClientSideAmazonPlatformDependencyImpl is called
01-02 20:15:29.422  5081  5081 W BSTN_MapClient: empty account, retry in 1000
01-02 20:15:29.936  1165  1165 D WifiHAL : enter wifi_get_link_stats id[0] iface[0x0xb4000079e3014560]
01-02 20:15:29.936  1165  1165 I WifiHAL : Creating message to get link statistics; iface = 13
01-02 20:15:29.936  1165  1165 D WifiHAL : WifiRequest::create vendor command to iface 13, vendor_id=0x1a11, subcmd=0x1200, res=0
01-02 20:15:29.949  1165  1165 D WifiHAL : In GetLinkStatsCommand::handleResponse
01-02 20:15:29.949  1165  1165 D WifiHAL : on_time: = 194764116
01-02 20:15:29.949  1165  1165 D WifiHAL : tx_time: = 188854
01-02 20:15:29.949  1165  1165 D WifiHAL : rx_time: = 3060818
01-02 20:15:29.949  1165  1165 D WifiHAL : on_time_scan: = 2393524
01-02 20:15:29.949  1165  1165 D WifiHAL : beacon_rx: = 1056761
01-02 20:15:29.949  1165  1165 D WifiHAL : rssi_mgmt: = -35
01-02 20:15:29.949  1165  1165 D WifiHAL : received mpdu: = 174582
01-02 20:15:29.949  1165  1165 D WifiHAL : transmite mpdu: = 228855
01-02 20:15:29.950  1165  1165 D WifiHAL : lost mpdu: = 98294
01-02 20:15:29.950  1165  1165 D WifiHAL : retry mpdu: = 433
01-02 20:15:29.950  1165  1165 D WifiHAL : mId[0] mIface[0x0xb4000079e3014560]
01-02 20:15:30.424  5081  5081 I ...atformDependencyImpl: isAmazonDevice() in ClientSideAmazonPlatformDependencyImpl is called
01-02 20:15:30.436  5081  5081 W BSTN_MapClient: empty account, retry in 1000
01-02 20:15:31.438  5081  5081 I ...atformDependencyImpl: isAmazonDevice() in ClientSideAmazonPlatformDependencyImpl is called
01-02 20:15:31.450  5081  5081 W BSTN_MapClient: empty account, retry in 1000
01-02 20:15:32.122  2150  3907 I F_C.PrefetchTrigger: getCdaChangesOnPrefetchStart
01-02 20:15:32.123  2150  3907 I F_C.PrefetchTrigger: return stored 1 URIs
01-02 20:15:32.123  2150  3907 I F_C.PrefetchJobService: Querying for CDA cards...
01-02 20:15:32.123  2150  3907 I F_C.DefaultConsumerClie: getCards #2778
01-02 20:15:32.123  2150  2538 I F_C.DefaultConsumerClie: Querying CDA: uri=ParsedUri(), selection=null, selectionArgs=0, orderBy=null
01-02 20:15:32.123  2150  2538 I F_C.DefaultConsumerClie: Looking for local ContentProvider...
01-02 20:15:32.123  2150  2538 I F_C.CardProvider: query(ParsedUri(), projection:null, selection:null, selectionArgs:3392903, sortOrder:null)
01-02 20:15:32.126  2150  2538 I F_C.DefaultConsumerClie: 149 results for #2778
01-02 20:15:32.138  2150  3907 I F_C.PrefetchJobService: ...complete. Got 149 Cards
01-02 20:15:32.138  2150  3907 I F_C.PrefetchJobService: Retrieving available Launcher cards in memory...
01-02 20:15:32.138  2150  3907 I F_C.PrefetchJobService: ...complete. Got 0 available Launcher cards
01-02 20:15:32.239  2150  3907 I F_C.LauncherSicsCache: Waiting for Sics cache to become ready...
01-02 20:15:32.240  2150  3907 I F_C.LauncherSicsCache: Sics ready
01-02 20:15:32.399  2150  3907 I F_C.PrefetchTrigger: onPrefetchEnd, prefetch is completed? true
01-02 20:15:32.413  2150  3907 I F_C.PrefetchJobService: Prefetch job ends after 159 milliseconds, stopReason: completed, rescheduleMode: false, processed processed/total cards: 149/149, prefetch requests/processed/downloaded images: 266/266/0
01-02 20:15:32.451  5081  5081 I ...atformDependencyImpl: isAmazonDevice() in ClientSideAmazonPlatformDependencyImpl is called
01-02 20:15:32.463  5081  5081 W BSTN_MapClient: empty account, retry in 1000
01-02 20:15:32.960  1165  1165 D WifiHAL : enter wifi_get_link_stats id[0] iface[0x0xb4000079e3014560]
01-02 20:15:32.960  1165  1165 I WifiHAL : Creating message to get link statistics; iface = 13
01-02 20:15:32.960  1165  1165 D WifiHAL : WifiRequest::create vendor command to iface 13, vendor_id=0x1a11, subcmd=0x1200, res=0
01-02 20:15:32.970  1165  1165 D WifiHAL : In GetLinkStatsCommand::handleResponse
01-02 20:15:32.970  1165  1165 D WifiHAL : on_time: = 194767140
01-02 20:15:32.970  1165  1165 D WifiHAL : tx_time: = 188854
01-02 20:15:32.970  1165  1165 D WifiHAL : rx_time: = 3060886
01-02 20:15:32.970  1165  1165 D WifiHAL : on_time_scan: = 2393524
01-02 20:15:32.970  1165  1165 D WifiHAL : beacon_rx: = 1056860
01-02 20:15:32.970  1165  1165 D WifiHAL : rssi_mgmt: = -34
01-02 20:15:32.970  1165  1165 D WifiHAL : received mpdu: = 174613
01-02 20:15:32.970  1165  1165 D WifiHAL : transmite mpdu: = 228855
01-02 20:15:32.970  1165  1165 D WifiHAL : lost mpdu: = 98294
01-02 20:15:32.970  1165  1165 D WifiHAL : retry mpdu: = 433
01-02 20:15:32.970  1165  1165 D WifiHAL : mId[0] mIface[0x0xb4000079e3014560]
01-02 20:15:33.424  1807  1952 I chatty  : uid=10105(com.amazon.client.metrics) MinervaService expire 10 lines
01-02 20:15:33.465  5081  5081 I ...atformDependencyImpl: isAmazonDevice() in ClientSideAmazonPlatformDependencyImpl is called
01-02 20:15:33.478  5081  5081 W BSTN_MapClient: empty account, retry in 1000
01-02 20:15:33.787   605   605 D perfmonitord:ProcessCpuMonitor: Running ProcessCPUMonitor
01-02 20:15:33.890   605   605 I perfmonitord:ProcessCpuMonitor: 
01-02 20:15:33.890   605   605 I perfmonitord:ProcessCpuMonitor: Process Name         PID   : CPU % 
01-02 20:15:33.890   605   605 I perfmonitord:ProcessCpuMonitor: 
01-02 20:15:33.890   605   605 I perfmonitord:ProcessCpuMonitor: on.firelauncher      2150  : 8.48% 
01-02 20:15:33.890   605   605 I perfmonitord:ProcessCpuMonitor: surfaceflinger       463   : 8.04% 
01-02 20:15:33.890   605   605 I perfmonitord:ProcessCpuMonitor: system_server        962   : 5.79% 
01-02 20:15:33.890   605   605 I perfmonitord:ProcessCpuMonitor: logd                 212   : 4.42% 
01-02 20:15:33.890   605   605 I perfmonitord:ProcessCpuMonitor: .amazon.venezia      3503  : 1.24% 
01-02 20:15:33.890   605   605 I perfmonitord:ProcessCpuMonitor: sugov:0              1886  : 0.99% 
01-02 20:15:33.890   605   605 I perfmonitord:ProcessCpuMonitor: composer@2.1-se      437   : 0.93% 
01-02 20:15:33.890   605   605 I perfmonitord:ProcessCpuMonitor: nk.core.android      4902  : 0.89% 
01-02 20:15:33.890   605   605 I perfmonitord:ProcessCpuMonitor: amazon.redstone      5081  : 0.63% 
01-02 20:15:33.890   605   605 I perfmonitord:ProcessCpuMonitor: com.amazon.adep      30695 : 0.54% 
01-02 20:15:33.890   605   605 I perfmonitord:ProcessCpuMonitor: gle.android.gms      11554 : 0.52% 
01-02 20:15:33.890   605   605 I perfmonitord:ProcessCpuMonitor: ndroid.systemui      1246  : 0.49% 
01-02 20:15:33.890   605   605 I perfmonitord:ProcessCpuMonitor: adbd                 542   : 0.49% 
01-02 20:15:33.890   605   605 I perfmonitord:ProcessCpuMonitor: hif_thread           1196  : 0.42% 
01-02 20:15:33.890   605   605 I perfmonitord:ProcessCpuMonitor: com.amazon.imp       1635  : 0.40% 
01-02 20:15:33.890   605   605 I perfmonitord:ProcessCpuMonitor: sensors@2.0-ser      540   : 0.38% 
01-02 20:15:33.890   605   605 I perfmonitord:ProcessCpuMonitor: .gms.persistent      30394 : 0.30% 
01-02 20:15:33.890   605   605 I perfmonitord:ProcessCpuMonitor: main_thread          1195  : 0.30% 
01-02 20:15:33.890   605   605 I perfmonitord:ProcessCpuMonitor: rkstack.process      1402  : 0.28% 
01-02 20:15:33.890   605   605 I perfmonitord:ProcessCpuMonitor: charger_thread       342   : 0.24% 
01-02 20:15:33.890   605   605 I perfmonitord:ProcessCpuMonitor: sugov:6              1887  : 0.23% 
01-02 20:15:33.890   605   605 I perfmonitord:ProcessCpuMonitor: pq@2.2-service       629   : 0.22% 
01-02 20:15:33.890   605   605 I perfmonitord:ProcessCpuMonitor: com.duolingo         19074 : 0.21% 
01-02 20:15:33.890   605   605 I perfmonitord:ProcessCpuMonitor: /system/bin/netd     417   : 0.19% 
01-02 20:15:33.890   605   605 I perfmonitord:ProcessCpuMonitor: .client.metrics      1807  : 0.17% 
01-02 20:15:33.890   605   605 I perfmonitord:ProcessCpuMonitor: irq/51-11201000      340   : 0.16% 
01-02 20:15:33.890   605   605 I perfmonitord:ProcessCpuMonitor: mdnsd                30485 : 0.15% 
01-02 20:15:33.890   605   605 I perfmonitord:ProcessCpuMonitor: rcu_preempt          10    : 0.12% 
01-02 20:15:33.891   605   605 I perfmonitord:StatUtil: CPUUtilization is at 8%
01-02 20:15:33.891   605   605 I perfmonitord:StatUtil: MemoryUtilization is at 54%
01-02 20:15:33.905  1807  2001 I chatty  : uid=10105(com.amazon.client.metrics) LogMetricsProce expire 52 lines
01-02 20:15:33.930   962 19337 W ActivityManager: Unable to start service Intent { act=com.amazon.dcp.ota.action.CONTROLLER cmp=com.amazon.device.software.ota/.OtaService } U=0: not found
01-02 20:15:33.931  1807  4080 I chatty  : uid=10105(com.amazon.client.metrics) expire 24 lines
01-02 20:15:33.932   962 19337 W ActivityManager: Unbind failed: could not find connection for android.os.BinderProxy@411aa51
01-02 20:15:33.957   962 19337 W ActivityManager: Unable to start service Intent { act=com.amazon.dcp.ota.action.CONTROLLER cmp=com.amazon.device.software.ota/.OtaService } U=0: not found
01-02 20:15:33.958   962 19337 W ActivityManager: Unbind failed: could not find connection for android.os.BinderProxy@91062b6
01-02 20:15:33.980   962 19337 W ActivityManager: Unable to start service Intent { act=com.amazon.dcp.ota.action.CONTROLLER cmp=com.amazon.device.software.ota/.OtaService } U=0: not found
01-02 20:15:33.981   962 19337 W ActivityManager: Unbind failed: could not find connection for android.os.BinderProxy@8d1abb7
01-02 20:15:34.003   962 19337 W ActivityManager: Unable to start service Intent { act=com.amazon.dcp.ota.action.CONTROLLER cmp=com.amazon.device.software.ota/.OtaService } U=0: not found
01-02 20:15:34.004   962 19337 W ActivityManager: Unbind failed: could not find connection for android.os.BinderProxy@a220f24
01-02 20:15:34.025   962 19337 W ActivityManager: Unable to start service Intent { act=com.amazon.dcp.ota.action.CONTROLLER cmp=com.amazon.device.software.ota/.OtaService } U=0: not found
01-02 20:15:34.026   962 19337 W ActivityManager: Unbind failed: could not find connection for android.os.BinderProxy@af59a8d
01-02 20:15:34.049   962 19337 W ActivityManager: Unable to start service Intent { act=com.amazon.dcp.ota.action.CONTROLLER cmp=com.amazon.device.software.ota/.OtaService } U=0: not found
01-02 20:15:34.053   962 19337 W ActivityManager: Unbind failed: could not find connection for android.os.BinderProxy@5b7f442
01-02 20:15:34.074   962 31210 W ActivityManager: Unable to start service Intent { act=com.amazon.dcp.ota.action.CONTROLLER cmp=com.amazon.device.software.ota/.OtaService } U=0: not found
01-02 20:15:34.075   962 31210 W ActivityManager: Unbind failed: could not find connection for android.os.BinderProxy@8cb4c53
01-02 20:15:34.093   962 31210 W ActivityManager: Unable to start service Intent { act=com.amazon.dcp.ota.action.CONTROLLER cmp=com.amazon.device.software.ota/.OtaService } U=0: not found
01-02 20:15:34.093   962 31210 W ActivityManager: Unbind failed: could not find connection for android.os.BinderProxy@b02f990
01-02 20:15:34.112   962 31210 W ActivityManager: Unable to start service Intent { act=com.amazon.dcp.ota.action.CONTROLLER cmp=com.amazon.device.software.ota/.OtaService } U=0: not found
01-02 20:15:34.113   962 31210 W ActivityManager: Unbind failed: could not find connection for android.os.BinderProxy@dae5289
01-02 20:15:34.129   962 19337 W ActivityManager: Unable to start service Intent { act=com.amazon.dcp.ota.action.CONTROLLER cmp=com.amazon.device.software.ota/.OtaService } U=0: not found
01-02 20:15:34.130   962 19337 W ActivityManager: Unbind failed: could not find connection for android.os.BinderProxy@f55128e
01-02 20:15:34.175   962 31210 W ActivityManager: Unable to start service Intent { act=com.amazon.dcp.ota.action.CONTROLLER cmp=com.amazon.device.software.ota/.OtaService } U=0: not found
01-02 20:15:34.176   962 31210 W ActivityManager: Unbind failed: could not find connection for android.os.BinderProxy@ab45aaf
01-02 20:15:34.186   962 31210 W ActivityManager: Unable to start service Intent { act=com.amazon.dcp.ota.action.CONTROLLER cmp=com.amazon.device.software.ota/.OtaService } U=0: not found
01-02 20:15:34.187   962 31210 W ActivityManager: Unbind failed: could not find connection for android.os.BinderProxy@4c61ebc
01-02 20:15:34.192  1807  2001 I chatty  : uid=10105(com.amazon.client.metrics) LogMetricsProce expire 3 lines
01-02 20:15:34.198   962 19337 W ActivityManager: Unable to start service Intent { act=com.amazon.dcp.ota.action.CONTROLLER cmp=com.amazon.device.software.ota/.OtaService } U=0: not found
01-02 20:15:34.199  1807  4080 I chatty  : uid=10105(com.amazon.client.metrics) expire 2 lines
01-02 20:15:34.199   962 31210 W ActivityManager: Unbind failed: could not find connection for android.os.BinderProxy@7208e45
01-02 20:15:34.207  1807  2001 I chatty  : uid=10105(com.amazon.client.metrics) LogMetricsProce expire 77 lines
01-02 20:15:34.214   962 19337 W ActivityManager: Unable to start service Intent { act=com.amazon.dcp.ota.action.CONTROLLER cmp=com.amazon.device.software.ota/.OtaService } U=0: not found
01-02 20:15:34.214  1807  4080 I chatty  : uid=10105(com.amazon.client.metrics) expire 38 lines
01-02 20:15:34.215   962 19337 W ActivityManager: Unbind failed: could not find connection for android.os.BinderProxy@293c99a
01-02 20:15:34.226   962 31210 W ActivityManager: Unable to start service Intent { act=com.amazon.dcp.ota.action.CONTROLLER cmp=com.amazon.device.software.ota/.OtaService } U=0: not found
01-02 20:15:34.227   962 19337 W ActivityManager: Unbind failed: could not find connection for android.os.BinderProxy@775f2cb
01-02 20:15:34.238   962 31210 W ActivityManager: Unable to start service Intent { act=com.amazon.dcp.ota.action.CONTROLLER cmp=com.amazon.device.software.ota/.OtaService } U=0: not found
01-02 20:15:34.239   962 31210 W ActivityManager: Unbind failed: could not find connection for android.os.BinderProxy@1346aa8
01-02 20:15:34.256   962 31210 W ActivityManager: Unable to start service Intent { act=com.amazon.dcp.ota.action.CONTROLLER cmp=com.amazon.device.software.ota/.OtaService } U=0: not found
01-02 20:15:34.258   962 19337 W ActivityManager: Unbind failed: could not find connection for android.os.BinderProxy@1c0c9c1
01-02 20:15:34.268   962 19337 W ActivityManager: Unable to start service Intent { act=com.amazon.dcp.ota.action.CONTROLLER cmp=com.amazon.device.software.ota/.OtaService } U=0: not found
01-02 20:15:34.269   962 31210 W ActivityManager: Unbind failed: could not find connection for android.os.BinderProxy@8d4e566
01-02 20:15:34.282   962 31210 W ActivityManager: Unable to start service Intent { act=com.amazon.dcp.ota.action.CONTROLLER cmp=com.amazon.device.software.ota/.OtaService } U=0: not found
01-02 20:15:34.284   962 19337 W ActivityManager: Unbind failed: could not find connection for android.os.BinderProxy@36ef0a7
01-02 20:15:34.293   962 19337 W ActivityManager: Unable to start service Intent { act=com.amazon.dcp.ota.action.CONTROLLER cmp=com.amazon.device.software.ota/.OtaService } U=0: not found
01-02 20:15:34.295   962 19337 W ActivityManager: Unbind failed: could not find connection for android.os.BinderProxy@bb98954
01-02 20:15:34.307   962 19337 W ActivityManager: Unable to start service Intent { act=com.amazon.dcp.ota.action.CONTROLLER cmp=com.amazon.device.software.ota/.OtaService } U=0: not found
01-02 20:15:34.308   962 19337 W ActivityManager: Unbind failed: could not find connection for android.os.BinderProxy@cf40fd
01-02 20:15:34.323   962 19337 W ActivityManager: Unable to start service Intent { act=com.amazon.dcp.ota.action.CONTROLLER cmp=com.amazon.device.software.ota/.OtaService } U=0: not found
01-02 20:15:34.325   962 31210 W ActivityManager: Unbind failed: could not find connection for android.os.BinderProxy@eb9f1f2
01-02 20:15:34.339   962 31210 W ActivityManager: Unable to start service Intent { act=com.amazon.dcp.ota.action.CONTROLLER cmp=com.amazon.device.software.ota/.OtaService } U=0: not found
01-02 20:15:34.340   962 19337 W ActivityManager: Unbind failed: could not find connection for android.os.BinderProxy@ff043
01-02 20:15:34.349   962 31210 W ActivityManager: Unable to start service Intent { act=com.amazon.dcp.ota.action.CONTROLLER cmp=com.amazon.device.software.ota/.OtaService } U=0: not found
01-02 20:15:34.351   962 31210 W ActivityManager: Unbind failed: could not find connection for android.os.BinderProxy@8cfe6c0
01-02 20:15:34.362   962 31210 W ActivityManager: Unable to start service Intent { act=com.amazon.dcp.ota.action.CONTROLLER cmp=com.amazon.device.software.ota/.OtaService } U=0: not found
01-02 20:15:34.363   962 31210 W ActivityManager: Unbind failed: could not find connection for android.os.BinderProxy@153eff9
01-02 20:15:34.380   962 19337 W ActivityManager: Unable to start service Intent { act=com.amazon.dcp.ota.action.CONTROLLER cmp=com.amazon.device.software.ota/.OtaService } U=0: not found
01-02 20:15:34.382   962 31210 W ActivityManager: Unbind failed: could not find connection for android.os.BinderProxy@7713b3e
01-02 20:15:34.397   962 31210 W ActivityManager: Unable to start service Intent { act=com.amazon.dcp.ota.action.CONTROLLER cmp=com.amazon.device.software.ota/.OtaService } U=0: not found
01-02 20:15:34.398   962 31210 W ActivityManager: Unbind failed: could not find connection for android.os.BinderProxy@b374d9f
01-02 20:15:34.412   962 19337 W ActivityManager: Unable to start service Intent { act=com.amazon.dcp.ota.action.CONTROLLER cmp=com.amazon.device.software.ota/.OtaService } U=0: not found
01-02 20:15:34.415   962 19337 W ActivityManager: Unbind failed: could not find connection for android.os.BinderProxy@82caeec
01-02 20:15:34.428   962 31210 W ActivityManager: Unable to start service Intent { act=com.amazon.dcp.ota.action.CONTROLLER cmp=com.amazon.device.software.ota/.OtaService } U=0: not found
01-02 20:15:34.430   962 19337 W ActivityManager: Unbind failed: could not find connection for android.os.BinderProxy@eda92b5
01-02 20:15:34.441   962 31210 W ActivityManager: Unable to start service Intent { act=com.amazon.dcp.ota.action.CONTROLLER cmp=com.amazon.device.software.ota/.OtaService } U=0: not found
01-02 20:15:34.443   962 31210 W ActivityManager: Unbind failed: could not find connection for android.os.BinderProxy@8c1cd4a
01-02 20:15:34.453   962 19337 W ActivityManager: Unable to start service Intent { act=com.amazon.dcp.ota.action.CONTROLLER cmp=com.amazon.device.software.ota/.OtaService } U=0: not found
01-02 20:15:34.455   962 19337 W ActivityManager: Unbind failed: could not find connection for android.os.BinderProxy@84d24bb
01-02 20:15:34.468   962 19337 W ActivityManager: Unable to start service Intent { act=com.amazon.dcp.ota.action.CONTROLLER cmp=com.amazon.device.software.ota/.OtaService } U=0: not found
01-02 20:15:34.469   962 31210 W ActivityManager: Unbind failed: could not find connection for android.os.BinderProxy@dabcdd8
01-02 20:15:34.475  1807  2001 I chatty  : uid=10105(com.amazon.client.metrics) LogMetricsProce expire 3 lines
01-02 20:15:34.479  5081  5081 I ...atformDependencyImpl: isAmazonDevice() in ClientSideAmazonPlatformDependencyImpl is called
01-02 20:15:34.482   962 19337 W ActivityManager: Unable to start service Intent { act=com.amazon.dcp.ota.action.CONTROLLER cmp=com.amazon.device.software.ota/.OtaService } U=0: not found
01-02 20:15:34.483  1807  4080 I chatty  : uid=10105(com.amazon.client.metrics) expire 46 lines
01-02 20:15:34.483   962 19337 W ActivityManager: Unbind failed: could not find connection for android.os.BinderProxy@7eea531
01-02 20:15:34.486  5081  5081 W BSTN_MapClient: empty account, retry in 1000
01-02 20:15:34.487  1807  2001 I chatty  : uid=10105(com.amazon.client.metrics) LogMetricsProce expire 92 lines
01-02 20:15:34.496   962 19337 W ActivityManager: Unable to start service Intent { act=com.amazon.dcp.ota.action.CONTROLLER cmp=com.amazon.device.software.ota/.OtaService } U=0: not found
01-02 20:15:34.497   962 31210 W ActivityManager: Unbind failed: could not find connection for android.os.BinderProxy@bd77416
01-02 20:15:34.517   962 19337 W ActivityManager: Unable to start service Intent { act=com.amazon.dcp.ota.action.CONTROLLER cmp=com.amazon.device.software.ota/.OtaService } U=0: not found
01-02 20:15:34.519   962 19337 W ActivityManager: Unbind failed: could not find connection for android.os.BinderProxy@f1f5197
01-02 20:15:34.529   962 19337 W ActivityManager: Unable to start service Intent { act=com.amazon.dcp.ota.action.CONTROLLER cmp=com.amazon.device.software.ota/.OtaService } U=0: not found
01-02 20:15:34.529   962 19337 W ActivityManager: Unbind failed: could not find connection for android.os.BinderProxy@cfbef84
01-02 20:15:34.545   962 19337 W ActivityManager: Unable to start service Intent { act=com.amazon.dcp.ota.action.CONTROLLER cmp=com.amazon.device.software.ota/.OtaService } U=0: not found
01-02 20:15:34.546   962 19337 W ActivityManager: Unbind failed: could not find connection for android.os.BinderProxy@e57636d
01-02 20:15:34.560   962 19337 W ActivityManager: Unable to start service Intent { act=com.amazon.dcp.ota.action.CONTROLLER cmp=com.amazon.device.software.ota/.OtaService } U=0: not found
01-02 20:15:34.561   962 19337 W ActivityManager: Unbind failed: could not find connection for android.os.BinderProxy@ecebba2
01-02 20:15:34.577   962 19337 W ActivityManager: Unable to start service Intent { act=com.amazon.dcp.ota.action.CONTROLLER cmp=com.amazon.device.software.ota/.OtaService } U=0: not found
01-02 20:15:34.579   962 31210 W ActivityManager: Unbind failed: could not find connection for android.os.BinderProxy@c7d7033
01-02 20:15:34.594   962 19337 W ActivityManager: Unable to start service Intent { act=com.amazon.dcp.ota.action.CONTROLLER cmp=com.amazon.device.software.ota/.OtaService } U=0: not found
01-02 20:15:34.595   962 19337 W ActivityManager: Unbind failed: could not find connection for android.os.BinderProxy@40a7ff0
01-02 20:15:34.611   962 19337 W ActivityManager: Unable to start service Intent { act=com.amazon.dcp.ota.action.CONTROLLER cmp=com.amazon.device.software.ota/.OtaService } U=0: not found
01-02 20:15:34.614   962 19337 W ActivityManager: Unbind failed: could not find connection for android.os.BinderProxy@f13c969
01-02 20:15:34.627   962 19337 W ActivityManager: Unable to start service Intent { act=com.amazon.dcp.ota.action.CONTROLLER cmp=com.amazon.device.software.ota/.OtaService } U=0: not found
01-02 20:15:34.629   962 19337 W ActivityManager: Unbind failed: could not find connection for android.os.BinderProxy@300efee
01-02 20:15:34.641   962 31210 W ActivityManager: Unable to start service Intent { act=com.amazon.dcp.ota.action.CONTROLLER cmp=com.amazon.device.software.ota/.OtaService } U=0: not found
01-02 20:15:34.642   962 19337 W ActivityManager: Unbind failed: could not find connection for android.os.BinderProxy@94dc8f
01-02 20:15:34.658   962 19337 W ActivityManager: Unable to start service Intent { act=com.amazon.dcp.ota.action.CONTROLLER cmp=com.amazon.device.software.ota/.OtaService } U=0: not found
01-02 20:15:34.659   962 31210 W ActivityManager: Unbind failed: could not find connection for android.os.BinderProxy@2fab1c
01-02 20:15:34.672   962 19337 W ActivityManager: Unable to start service Intent { act=com.amazon.dcp.ota.action.CONTROLLER cmp=com.amazon.device.software.ota/.OtaService } U=0: not found
01-02 20:15:34.673   962 31210 W ActivityManager: Unbind failed: could not find connection for android.os.BinderProxy@e169325
01-02 20:15:34.688   962 31210 W ActivityManager: Unable to start service Intent { act=com.amazon.dcp.ota.action.CONTROLLER cmp=com.amazon.device.software.ota/.OtaService } U=0: not found
01-02 20:15:34.690   962 31210 W ActivityManager: Unbind failed: could not find connection for android.os.BinderProxy@4101cfa
01-02 20:15:34.703   962 31210 W ActivityManager: Unable to start service Intent { act=com.amazon.dcp.ota.action.CONTROLLER cmp=com.amazon.device.software.ota/.OtaService } U=0: not found
01-02 20:15:34.705   962 19337 W ActivityManager: Unbind failed: could not find connection for android.os.BinderProxy@70cb2ab
01-02 20:15:34.724   962 19337 W ActivityManager: Unable to start service Intent { act=com.amazon.dcp.ota.action.CONTROLLER cmp=com.amazon.device.software.ota/.OtaService } U=0: not found
01-02 20:15:34.726   962 19337 W ActivityManager: Unbind failed: could not find connection for android.os.BinderProxy@a1a5d08
01-02 20:15:34.740   962 31210 W ActivityManager: Unable to start service Intent { act=com.amazon.dcp.ota.action.CONTROLLER cmp=com.amazon.device.software.ota/.OtaService } U=0: not found
01-02 20:15:34.741   962 31210 W ActivityManager: Unbind failed: could not find connection for android.os.BinderProxy@1c23ca1
01-02 20:15:34.754   962 31210 W ActivityManager: Unable to start service Intent { act=com.amazon.dcp.ota.action.CONTROLLER cmp=com.amazon.device.software.ota/.OtaService } U=0: not found
01-02 20:15:34.755   962 31210 W ActivityManager: Unbind failed: could not find connection for android.os.BinderProxy@3b30ec6
01-02 20:15:34.779   962 31210 W ActivityManager: Unable to start service Intent { act=com.amazon.dcp.ota.action.CONTROLLER cmp=com.amazon.device.software.ota/.OtaService } U=0: not found
01-02 20:15:34.783   962 19337 W ActivityManager: Unbind failed: could not find connection for android.os.BinderProxy@4e1ce87
01-02 20:15:34.793   962 31210 W ActivityManager: Unable to start service Intent { act=com.amazon.dcp.ota.action.CONTROLLER cmp=com.amazon.device.software.ota/.OtaService } U=0: not found
01-02 20:15:34.795   962 31210 W ActivityManager: Unbind failed: could not find connection for android.os.BinderProxy@47c41b4
01-02 20:15:34.809   962 31210 W ActivityManager: Unable to start service Intent { act=com.amazon.dcp.ota.action.CONTROLLER cmp=com.amazon.device.software.ota/.OtaService } U=0: not found
01-02 20:15:34.810   962 19337 W ActivityManager: Unbind failed: could not find connection for android.os.BinderProxy@a2501dd
01-02 20:15:34.822   962 19337 W ActivityManager: Unable to start service Intent { act=com.amazon.dcp.ota.action.CONTROLLER cmp=com.amazon.device.software.ota/.OtaService } U=0: not found
01-02 20:15:34.823   962 31210 W ActivityManager: Unbind failed: could not find connection for android.os.BinderProxy@6415152
01-02 20:15:34.834   962 19337 W ActivityManager: Unable to start service Intent { act=com.amazon.dcp.ota.action.CONTROLLER cmp=com.amazon.device.software.ota/.OtaService } U=0: not found
01-02 20:15:34.835   962 19337 W ActivityManager: Unbind failed: could not find connection for android.os.BinderProxy@802cc23
01-02 20:15:34.846   962 19337 W ActivityManager: Unable to start service Intent { act=com.amazon.dcp.ota.action.CONTROLLER cmp=com.amazon.device.software.ota/.OtaService } U=0: not found
01-02 20:15:34.846  1807  4080 I chatty  : uid=10105(com.amazon.client.metrics) expire 52 lines
01-02 20:15:34.847   962 19337 W ActivityManager: Unbind failed: could not find connection for android.os.BinderProxy@975c520
01-02 20:15:34.851  1807  2001 I chatty  : uid=10105(com.amazon.client.metrics) LogMetricsProce expire 205 lines
01-02 20:15:34.860   962 31210 W ActivityManager: Unable to start service Intent { act=com.amazon.dcp.ota.action.CONTROLLER cmp=com.amazon.device.software.ota/.OtaService } U=0: not found
01-02 20:15:34.862   962 31210 W ActivityManager: Unbind failed: could not find connection for android.os.BinderProxy@ff4ded9
01-02 20:15:34.876   962 31210 W ActivityManager: Unable to start service Intent { act=com.amazon.dcp.ota.action.CONTROLLER cmp=com.amazon.device.software.ota/.OtaService } U=0: not found
01-02 20:15:34.877   962 31210 W ActivityManager: Unbind failed: could not find connection for android.os.BinderProxy@bff309e
01-02 20:15:34.891   962 19337 W ActivityManager: Unable to start service Intent { act=com.amazon.dcp.ota.action.CONTROLLER cmp=com.amazon.device.software.ota/.OtaService } U=0: not found
01-02 20:15:34.892   962 19337 W ActivityManager: Unbind failed: could not find connection for android.os.BinderProxy@4ac077f
01-02 20:15:34.910   962 19337 W ActivityManager: Unable to start service Intent { act=com.amazon.dcp.ota.action.CONTROLLER cmp=com.amazon.device.software.ota/.OtaService } U=0: not found
01-02 20:15:34.911   962 31210 W ActivityManager: Unbind failed: could not find connection for android.os.BinderProxy@2c2134c
01-02 20:15:34.923   962 19337 W ActivityManager: Unable to start service Intent { act=com.amazon.dcp.ota.action.CONTROLLER cmp=com.amazon.device.software.ota/.OtaService } U=0: not found
01-02 20:15:34.924   962 19337 W ActivityManager: Unbind failed: could not find connection for android.os.BinderProxy@74b8f95
01-02 20:15:34.939   962 19337 W ActivityManager: Unable to start service Intent { act=com.amazon.dcp.ota.action.CONTROLLER cmp=com.amazon.device.software.ota/.OtaService } U=0: not found
01-02 20:15:34.942   962 19337 W ActivityManager: Unbind failed: could not find connection for android.os.BinderProxy@329b8aa
01-02 20:15:34.954   962 19337 W ActivityManager: Unable to start service Intent { act=com.amazon.dcp.ota.action.CONTROLLER cmp=com.amazon.device.software.ota/.OtaService } U=0: not found
01-02 20:15:34.957   962 31210 W ActivityManager: Unbind failed: could not find connection for android.os.BinderProxy@c839c9b
01-02 20:15:34.971   962 19337 W ActivityManager: Unable to start service Intent { act=com.amazon.dcp.ota.action.CONTROLLER cmp=com.amazon.device.software.ota/.OtaService } U=0: not found
01-02 20:15:34.972   962 31210 W ActivityManager: Unbind failed: could not find connection for android.os.BinderProxy@8a31838
01-02 20:15:34.984   962 31210 W ActivityManager: Unable to start service Intent { act=com.amazon.dcp.ota.action.CONTROLLER cmp=com.amazon.device.software.ota/.OtaService } U=0: not found
01-02 20:15:34.985   962 31210 W ActivityManager: Unbind failed: could not find connection for android.os.BinderProxy@2229011
01-02 20:15:34.999   962 19337 W ActivityManager: Unable to start service Intent { act=com.amazon.dcp.ota.action.CONTROLLER cmp=com.amazon.device.software.ota/.OtaService } U=0: not found
01-02 20:15:35.000   962 31210 W ActivityManager: Unbind failed: could not find connection for android.os.BinderProxy@ec2b576
01-02 20:15:35.010   962 31210 W ActivityManager: Unable to start service Intent { act=com.amazon.dcp.ota.action.CONTROLLER cmp=com.amazon.device.software.ota/.OtaService } U=0: not found
01-02 20:15:35.011   962 31210 W ActivityManager: Unbind failed: could not find connection for android.os.BinderProxy@b756777
01-02 20:15:35.027   962 19337 W ActivityManager: Unable to start service Intent { act=com.amazon.dcp.ota.action.CONTROLLER cmp=com.amazon.device.software.ota/.OtaService } U=0: not found
01-02 20:15:35.028   962 31210 W ActivityManager: Unbind failed: could not find connection for android.os.BinderProxy@38d7fe4
01-02 20:15:35.041   962 31210 W ActivityManager: Unable to start service Intent { act=com.amazon.dcp.ota.action.CONTROLLER cmp=com.amazon.device.software.ota/.OtaService } U=0: not found
01-02 20:15:35.044   962 31210 W ActivityManager: Unbind failed: could not find connection for android.os.BinderProxy@e8f1c4d
01-02 20:15:35.059   962 31210 W ActivityManager: Unable to start service Intent { act=com.amazon.dcp.ota.action.CONTROLLER cmp=com.amazon.device.software.ota/.OtaService } U=0: not found
01-02 20:15:35.061   962 31210 W ActivityManager: Unbind failed: could not find connection for android.os.BinderProxy@e1cb302
01-02 20:15:35.077   962 31210 W ActivityManager: Unable to start service Intent { act=com.amazon.dcp.ota.action.CONTROLLER cmp=com.amazon.device.software.ota/.OtaService } U=0: not found
01-02 20:15:35.078   962 31210 W ActivityManager: Unbind failed: could not find connection for android.os.BinderProxy@64f0413
01-02 20:15:35.092   962 31210 W ActivityManager: Unable to start service Intent { act=com.amazon.dcp.ota.action.CONTROLLER cmp=com.amazon.device.software.ota/.OtaService } U=0: not found
01-02 20:15:35.093   962 31210 W ActivityManager: Unbind failed: could not find connection for android.os.BinderProxy@c94b650
01-02 20:15:35.114   962 31210 W ActivityManager: Unable to start service Intent { act=com.amazon.dcp.ota.action.CONTROLLER cmp=com.amazon.device.software.ota/.OtaService } U=0: not found
01-02 20:15:35.116   962 31210 W ActivityManager: Unbind failed: could not find connection for android.os.BinderProxy@cbe3049
01-02 20:15:35.131   962 19337 W ActivityManager: Unable to start service Intent { act=com.amazon.dcp.ota.action.CONTROLLER cmp=com.amazon.device.software.ota/.OtaService } U=0: not found
01-02 20:15:35.134   962 19337 W ActivityManager: Unbind failed: could not find connection for android.os.BinderProxy@126fd4e
01-02 20:15:35.145   962 19337 W ActivityManager: Unable to start service Intent { act=com.amazon.dcp.ota.action.CONTROLLER cmp=com.amazon.device.software.ota/.OtaService } U=0: not found
01-02 20:15:35.146   962 19337 W ActivityManager: Unbind failed: could not find connection for android.os.BinderProxy@71bce6f
01-02 20:15:35.159   962 19337 W ActivityManager: Unable to start service Intent { act=com.amazon.dcp.ota.action.CONTROLLER cmp=com.amazon.device.software.ota/.OtaService } U=0: not found
01-02 20:15:35.160   962 31210 W ActivityManager: Unbind failed: could not find connection for android.os.BinderProxy@896e77c
01-02 20:15:35.174   962 19337 W ActivityManager: Unable to start service Intent { act=com.amazon.dcp.ota.action.CONTROLLER cmp=com.amazon.device.software.ota/.OtaService } U=0: not found
01-02 20:15:35.177   962 19337 W ActivityManager: Unbind failed: could not find connection for android.os.BinderProxy@8b08805
01-02 20:15:35.187   962 19337 W ActivityManager: Unable to start service Intent { act=com.amazon.dcp.ota.action.CONTROLLER cmp=com.amazon.device.software.ota/.OtaService } U=0: not found
01-02 20:15:35.189   962 31210 W ActivityManager: Unbind failed: could not find connection for android.os.BinderProxy@579a05a
01-02 20:15:35.199   962 19337 W ActivityManager: Unable to start service Intent { act=com.amazon.dcp.ota.action.CONTROLLER cmp=com.amazon.device.software.ota/.OtaService } U=0: not found
01-02 20:15:35.200   962 31210 W ActivityManager: Unbind failed: could not find connection for android.os.BinderProxy@340e28b
01-02 20:15:35.215   962 31210 W ActivityManager: Unable to start service Intent { act=com.amazon.dcp.ota.action.CONTROLLER cmp=com.amazon.device.software.ota/.OtaService } U=0: not found
01-02 20:15:35.216   962 31210 W ActivityManager: Unbind failed: could not find connection for android.os.BinderProxy@a28ff68
01-02 20:15:35.229   962 31210 W ActivityManager: Unable to start service Intent { act=com.amazon.dcp.ota.action.CONTROLLER cmp=com.amazon.device.software.ota/.OtaService } U=0: not found
01-02 20:15:35.231   962 31210 W ActivityManager: Unbind failed: could not find connection for android.os.BinderProxy@3b69f81
01-02 20:15:35.244   962 31210 W ActivityManager: Unable to start service Intent { act=com.amazon.dcp.ota.action.CONTROLLER cmp=com.amazon.device.software.ota/.OtaService } U=0: not found
01-02 20:15:35.245  1807  4080 I chatty  : uid=10105(com.amazon.client.metrics) expire 82 lines
01-02 20:15:35.245   962 31210 W ActivityManager: Unbind failed: could not find connection for android.os.BinderProxy@8216826
01-02 20:15:35.260   962 31210 W ActivityManager: Unable to start service Intent { act=com.amazon.dcp.ota.action.CONTROLLER cmp=com.amazon.device.software.ota/.OtaService } U=0: not found
01-02 20:15:35.261   962 31210 W ActivityManager: Unbind failed: could not find connection for android.os.BinderProxy@7591c67
01-02 20:15:35.274   962 19337 W ActivityManager: Unable to start service Intent { act=com.amazon.dcp.ota.action.CONTROLLER cmp=com.amazon.device.software.ota/.OtaService } U=0: not found
01-02 20:15:35.275   962 31210 W ActivityManager: Unbind failed: could not find connection for android.os.BinderProxy@642aa14
01-02 20:15:35.287   962 31210 W ActivityManager: Unable to start service Intent { act=com.amazon.dcp.ota.action.CONTROLLER cmp=com.amazon.device.software.ota/.OtaService } U=0: not found
01-02 20:15:35.289   962 31210 W ActivityManager: Unbind failed: could not find connection for android.os.BinderProxy@9acb2bd
01-02 20:15:35.301   962 31210 W ActivityManager: Unable to start service Intent { act=com.amazon.dcp.ota.action.CONTROLLER cmp=com.amazon.device.software.ota/.OtaService } U=0: not found
01-02 20:15:35.302   962 31210 W ActivityManager: Unbind failed: could not find connection for android.os.BinderProxy@82be0b2
01-02 20:15:35.320   962 31210 W ActivityManager: Unable to start service Intent { act=com.amazon.dcp.ota.action.CONTROLLER cmp=com.amazon.device.software.ota/.OtaService } U=0: not found
01-02 20:15:35.321   962 31210 W ActivityManager: Unbind failed: could not find connection for android.os.BinderProxy@4d11803
01-02 20:15:35.334   962 19337 W ActivityManager: Unable to start service Intent { act=com.amazon.dcp.ota.action.CONTROLLER cmp=com.amazon.device.software.ota/.OtaService } U=0: not found
01-02 20:15:35.337   962 19337 W ActivityManager: Unbind failed: could not find connection for android.os.BinderProxy@7aa5380
01-02 20:15:35.355   962 19337 W ActivityManager: Unable to start service Intent { act=com.amazon.dcp.ota.action.CONTROLLER cmp=com.amazon.device.software.ota/.OtaService } U=0: not found
01-02 20:15:35.358   962 31210 W ActivityManager: Unbind failed: could not find connection for android.os.BinderProxy@df6bdb9
01-02 20:15:35.371   962 31210 W ActivityManager: Unable to start service Intent { act=com.amazon.dcp.ota.action.CONTROLLER cmp=com.amazon.device.software.ota/.OtaService } U=0: not found
01-02 20:15:35.372   962 19337 W ActivityManager: Unbind failed: could not find connection for android.os.BinderProxy@5f355fe
01-02 20:15:35.387   962 31210 W ActivityManager: Unable to start service Intent { act=com.amazon.dcp.ota.action.CONTROLLER cmp=com.amazon.device.software.ota/.OtaService } U=0: not found
01-02 20:15:35.388   962 19337 W ActivityManager: Unbind failed: could not find connection for android.os.BinderProxy@d43315f
01-02 20:15:35.401   962 19337 W ActivityManager: Unable to start service Intent { act=com.amazon.dcp.ota.action.CONTROLLER cmp=com.amazon.device.software.ota/.OtaService } U=0: not found
01-02 20:15:35.402   962 19337 W ActivityManager: Unbind failed: could not find connection for android.os.BinderProxy@d2127ac
01-02 20:15:35.418   962 19337 W ActivityManager: Unable to start service Intent { act=com.amazon.dcp.ota.action.CONTROLLER cmp=com.amazon.device.software.ota/.OtaService } U=0: not found
01-02 20:15:35.419   962 19337 W ActivityManager: Unbind failed: could not find connection for android.os.BinderProxy@c3c7c75
01-02 20:15:35.435   962 31210 W ActivityManager: Unable to start service Intent { act=com.amazon.dcp.ota.action.CONTROLLER cmp=com.amazon.device.software.ota/.OtaService } U=0: not found
01-02 20:15:35.436   962 31210 W ActivityManager: Unbind failed: could not find connection for android.os.BinderProxy@b2ad40a
01-02 20:15:35.446   962 31210 W ActivityManager: Unable to start service Intent { act=com.amazon.dcp.ota.action.CONTROLLER cmp=com.amazon.device.software.ota/.OtaService } U=0: not found
01-02 20:15:35.448   962 19337 W ActivityManager: Unbind failed: could not find connection for android.os.BinderProxy@793847b
01-02 20:15:35.462   962 31210 W ActivityManager: Unable to start service Intent { act=com.amazon.dcp.ota.action.CONTROLLER cmp=com.amazon.device.software.ota/.OtaService } U=0: not found
01-02 20:15:35.464   962 19337 W ActivityManager: Unbind failed: could not find connection for android.os.BinderProxy@e4f1298
01-02 20:15:35.477   962 31210 W ActivityManager: Unable to start service Intent { act=com.amazon.dcp.ota.action.CONTROLLER cmp=com.amazon.device.software.ota/.OtaService } U=0: not found
01-02 20:15:35.479   962 19337 W ActivityManager: Unbind failed: could not find connection for android.os.BinderProxy@8e56af1
01-02 20:15:35.488  5081  5081 I ...atformDependencyImpl: isAmazonDevice() in ClientSideAmazonPlatformDependencyImpl is called
01-02 20:15:35.490   962 31210 W ActivityManager: Unable to start service Intent { act=com.amazon.dcp.ota.action.CONTROLLER cmp=com.amazon.device.software.ota/.OtaService } U=0: not found
01-02 20:15:35.493   962  3786 W ActivityManager: Unbind failed: could not find connection for android.os.BinderProxy@7aa26d6
01-02 20:15:35.501  5081  5081 W BSTN_MapClient: empty account, retry in 1000
01-02 20:15:35.502   962 31210 W ActivityManager: Unable to start service Intent { act=com.amazon.dcp.ota.action.CONTROLLER cmp=com.amazon.device.software.ota/.OtaService } U=0: not found
01-02 20:15:35.503   962 31210 W ActivityManager: Unbind failed: could not find connection for android.os.BinderProxy@acbed57
01-02 20:15:35.513   962  3786 W ActivityManager: Unable to start service Intent { act=com.amazon.dcp.ota.action.CONTROLLER cmp=com.amazon.device.software.ota/.OtaService } U=0: not found
